2026-08-30 09:40:02,100 - mmdet - INFO - Environment info:
------------------------------------------------------------
sys.platform: linux
Python: 3.12.13 (main, Jun 11 2026, 04:03:26) [Clang 22.1.3 ]
CUDA available: True
GPU 0,1: NVIDIA RTX 6000 Ada Generation
CUDA_HOME: /usr/local/cuda
NVCC: Build cuda_13.0.r13.0/compiler.36424714_0
GCC: gcc (Ubuntu 11.4.0-1ubuntu1~22.04.3) 11.4.0
PyTorch: 2.13.0+cu130
PyTorch compiling details: PyTorch built with:
  - GCC 13.3
  - C++ Version: 202002
  - Intel(R) oneAPI Math Kernel Library Version 2024.2-Product Build 20240605 for Intel(R) 64 architecture applications
  - Intel(R) MKL-DNN v3.12.0 (Git Hash 80afa71049cd69a3df32adcccb623b12cd7baa22)
  - OpenMP 201511 (a.k.a. OpenMP 4.5)
  - LAPACK is enabled (usually provided by MKL)
  - NNPACK is enabled
  - CPU capability usage: AVX2
  - CUDA Runtime 13.0
  - NVCC architecture flags: -gencode;arch=compute_75,code=sm_75;-gencode;arch=compute_80,code=sm_80;-gencode;arch=compute_86,code=sm_86;-gencode;arch=compute_90,code=sm_90;-gencode;arch=compute_100,code=sm_100;-gencode;arch=compute_120,code=sm_120
  - CuDNN 92.0  (built against CUDA 13.2)
  - Magma 2.6.1
  - Build settings: BLAS_INFO=mkl, BUILD_TYPE=Release, COMMIT_SHA=cf30153c4c131c8164ee7798e5022d810682e2cb, CUDA_FLAGS= -DLIBCUDACXX_ENABLE_SIMPLIFIED_COMPLEX_OPERATIONS -Xfatbin -compress-all -DONNX_NAMESPACE=onnx_torch -gencode arch=compute_75,code=sm_75 -gencode arch=compute_80,code=sm_80 -gencode arch=compute_86,code=sm_86 -gencode arch=compute_90,code=sm_90 -gencode arch=compute_100,code=sm_100 -gencode arch=compute_120,code=sm_120 -Xcudafe --diag_suppress=cc_clobber_ignored,--diag_suppress=field_without_dll_interface,--diag_suppress=base_class_has_different_dll_interface,--diag_suppress=dll_interface_conflict_none_assumed,--diag_suppress=dll_interface_conflict_dllexport_assumed,--diag_suppress=bad_friend_decl --expt-relaxed-constexpr --expt-extended-lambda -Xfatbin -compress-all --threads 2 -compress-mode=size -Wno-deprecated-gpu-targets --expt-extended-lambda -DCUB_WRAPPED_NAMESPACE=at_cuda_detail -DDISABLE_CUSPARSE_DEPRECATED -DCUDA_HAS_FP16=1 -D__CUDA_NO_HALF_OPERATORS__ -D__CUDA_NO_HALF_CONVERSIONS__ -D__CUDA_NO_HALF2_OPERATORS__ -D__CUDA_NO_BFLOAT16_CONVERSIONS__ -DC10_NODEPRECATED, CUDA_VERSION=13.0, CUDNN_VERSION=9.20.0, CXX_COMPILER=/opt/rh/gcc-toolset-13/root/usr/bin/c++, CXX_FLAGS= -fvisibility-inlines-hidden -DUSE_PTHREADPOOL -DNDEBUG -DUSE_KINETO -DHAS_CUPTI -DUSE_FBGEMM -DUSE_MSLK -DUSE_PYTORCH_QNNPACK -DSYMBOLICATE_MOBILE_DEBUG_HANDLE -O2 -fPIC -DC10_NODEPRECATED -Wall -Wextra -Werror=return-type -Werror=non-virtual-dtor -Werror=range-loop-construct -Werror=bool-operation -Wnarrowing -Wno-missing-field-initializers -Wno-unknown-pragmas -Wno-unused-parameter -Wno-strict-overflow -Wno-strict-aliasing -Wno-stringop-overflow -Wsuggest-override -Wno-psabi -Wno-error=old-style-cast -faligned-new -Wno-maybe-uninitialized -fno-math-errno -fno-trapping-math -Werror=format -Wno-dangling-reference -Wno-error=dangling-reference -Wno-stringop-overflow, LAPACK_INFO=mkl, PERF_WITH_AVX=1, PERF_WITH_AVX2=1, TORCH_VERSION=2.13.0, USE_CUDA=1, USE_CUDNN=ON, USE_CUSPARSELT=1, USE_GFLAGS=OFF, USE_GLOG=OFF, USE_GLOO=ON, USE_MKL=ON, USE_MKLDNN=ON, USE_MPI=OFF, USE_NCCL=ON, USE_NNPACK=ON, USE_OPENMP=ON, USE_ROCM=OFF, USE_ROCM_KERNEL_ASSERT=OFF, USE_XCCL=OFF, USE_XPU=OFF, 

TorchVision: 0.28.0+cu130
OpenCV: 4.11.0
MMCV: 1.4.0
MMCV Compiler: n/a (scrfd_shim: mmcv compiled without ops)
MMCV CUDA Compiler: n/a (scrfd_shim: mmcv compiled without ops)
MMDetection: 2.7.0+7fadd42
------------------------------------------------------------

2026-08-30 09:40:02,390 - mmdet - INFO - Distributed training: True
2026-08-30 09:40:02,508 - mmdet - INFO - Config:
optimizer = dict(type='SGD', lr=0.001, momentum=0.9, weight_decay=0.0005)
optimizer_config = dict(grad_clip=None)
lr_mult = 8
lr_config = dict(
    policy='step',
    warmup='linear',
    warmup_iters=500,
    warmup_ratio=0.001,
    step=[14, 18])
total_epochs = 20
checkpoint_config = dict(interval=5)
log_config = dict(interval=50, hooks=[dict(type='TextLoggerHook')])
dist_params = dict(backend='nccl')
log_level = 'INFO'
load_from = '/data/esteban/pii/weights/SCRFD_10G_KPS_official.pth'
resume_from = None
workflow = [('train', 1)]
dataset_type = 'RetinaFaceDataset'
data_root = 'data/retinaface/'
train_root = 'data/retinaface/train/'
val_root = 'data/retinaface/val/'
img_norm_cfg = dict(
    mean=[127.5, 127.5, 127.5], std=[128.0, 128.0, 128.0], to_rgb=True)
train_pipeline = [
    dict(type='LoadImageFromFile', to_float32=True),
    dict(type='LoadAnnotations', with_bbox=True, with_keypoints=True),
    dict(
        type='RandomSquareCrop',
        crop_choice=[0.3, 0.45, 0.6, 0.8, 1.0, 1.2, 1.4, 1.6, 1.8, 2.0],
        bbox_clip_border=False),
    dict(
        type='Resize',
        img_scale=(640, 640),
        keep_ratio=False,
        bbox_clip_border=False),
    dict(type='RandomFlip', flip_ratio=0.5),
    dict(
        type='PhotoMetricDistortion',
        brightness_delta=32,
        contrast_range=(0.5, 1.5),
        saturation_range=(0.5, 1.5),
        hue_delta=18),
    dict(
        type='Normalize',
        mean=[127.5, 127.5, 127.5],
        std=[128.0, 128.0, 128.0],
        to_rgb=True),
    dict(type='DefaultFormatBundle'),
    dict(
        type='Collect',
        keys=[
            'img', 'gt_bboxes', 'gt_labels', 'gt_bboxes_ignore',
            'gt_keypointss'
        ])
]
test_pipeline = [
    dict(type='LoadImageFromFile'),
    dict(
        type='MultiScaleFlipAug',
        img_scale=(640, 640),
        flip=False,
        transforms=[
            dict(type='Resize', keep_ratio=True),
            dict(type='RandomFlip', flip_ratio=0.0),
            dict(
                type='Normalize',
                mean=[127.5, 127.5, 127.5],
                std=[128.0, 128.0, 128.0],
                to_rgb=True),
            dict(type='Pad', size=(640, 640), pad_val=0),
            dict(type='ImageToTensor', keys=['img']),
            dict(type='Collect', keys=['img'])
        ])
]
data = dict(
    samples_per_gpu=32,
    workers_per_gpu=16,
    train=dict(
        type='RetinaFaceDataset',
        ann_file='data/mix_ds/train_W_nowider.txt',
        img_prefix='data/mix_ds/images/',
        pipeline=[
            dict(type='LoadImageFromFile', to_float32=True),
            dict(type='LoadAnnotations', with_bbox=True, with_keypoints=True),
            dict(
                type='RandomSquareCrop',
                crop_choice=[
                    0.3, 0.45, 0.6, 0.8, 1.0, 1.2, 1.4, 1.6, 1.8, 2.0
                ],
                bbox_clip_border=False),
            dict(
                type='Resize',
                img_scale=(640, 640),
                keep_ratio=False,
                bbox_clip_border=False),
            dict(type='RandomFlip', flip_ratio=0.5),
            dict(
                type='PhotoMetricDistortion',
                brightness_delta=32,
                contrast_range=(0.5, 1.5),
                saturation_range=(0.5, 1.5),
                hue_delta=18),
            dict(
                type='Normalize',
                mean=[127.5, 127.5, 127.5],
                std=[128.0, 128.0, 128.0],
                to_rgb=True),
            dict(type='DefaultFormatBundle'),
            dict(
                type='Collect',
                keys=[
                    'img', 'gt_bboxes', 'gt_labels', 'gt_bboxes_ignore',
                    'gt_keypointss'
                ])
        ]),
    val=dict(
        type='RetinaFaceDataset',
        ann_file='/data/liangzhenghao/face_pii/raw_ds/val/labelv2.txt',
        img_prefix='/data/liangzhenghao/face_pii/raw_ds/images/',
        pipeline=[
            dict(type='LoadImageFromFile'),
            dict(
                type='MultiScaleFlipAug',
                img_scale=(640, 640),
                flip=False,
                transforms=[
                    dict(type='Resize', keep_ratio=True),
                    dict(type='RandomFlip', flip_ratio=0.0),
                    dict(
                        type='Normalize',
                        mean=[127.5, 127.5, 127.5],
                        std=[128.0, 128.0, 128.0],
                        to_rgb=True),
                    dict(type='Pad', size=(640, 640), pad_val=0),
                    dict(type='ImageToTensor', keys=['img']),
                    dict(type='Collect', keys=['img'])
                ])
        ]),
    test=dict(
        type='RetinaFaceDataset',
        ann_file='/data/liangzhenghao/face_pii/raw_ds/val/labelv2.txt',
        img_prefix='/data/liangzhenghao/face_pii/raw_ds/images/',
        pipeline=[
            dict(type='LoadImageFromFile'),
            dict(
                type='MultiScaleFlipAug',
                img_scale=(640, 640),
                flip=False,
                transforms=[
                    dict(type='Resize', keep_ratio=True),
                    dict(type='RandomFlip', flip_ratio=0.0),
                    dict(
                        type='Normalize',
                        mean=[127.5, 127.5, 127.5],
                        std=[128.0, 128.0, 128.0],
                        to_rgb=True),
                    dict(type='Pad', size=(640, 640), pad_val=0),
                    dict(type='ImageToTensor', keys=['img']),
                    dict(type='Collect', keys=['img'])
                ])
        ]))
model = dict(
    type='SCRFD',
    backbone=dict(
        type='ResNetV1e',
        depth=0,
        block_cfg=dict(
            block='BasicBlock',
            stage_blocks=(3, 4, 2, 3),
            stage_planes=[56, 88, 88, 224]),
        base_channels=56,
        num_stages=4,
        out_indices=(0, 1, 2, 3),
        norm_cfg=dict(type='BN', requires_grad=True),
        norm_eval=False,
        style='pytorch'),
    neck=dict(
        type='PAFPN',
        in_channels=[56, 88, 88, 224],
        out_channels=56,
        start_level=1,
        add_extra_convs='on_output',
        num_outs=3),
    bbox_head=dict(
        type='SCRFDHead',
        num_classes=1,
        in_channels=56,
        stacked_convs=3,
        feat_channels=80,
        norm_cfg=dict(type='BN', requires_grad=True),
        cls_reg_share=True,
        strides_share=False,
        scale_mode=2,
        anchor_generator=dict(
            type='AnchorGenerator',
            ratios=[1.0],
            scales=[1, 2],
            base_sizes=[16, 64, 256],
            strides=[8, 16, 32]),
        loss_cls=dict(
            type='QualityFocalLoss',
            use_sigmoid=True,
            beta=2.0,
            loss_weight=1.0),
        loss_dfl=False,
        reg_max=8,
        loss_bbox=dict(type='DIoULoss', loss_weight=2.0),
        use_kps=True,
        loss_kps=dict(
            type='SmoothL1Loss', beta=0.1111111111111111, loss_weight=0.1),
        train_cfg=dict(
            assigner=dict(type='ATSSAssigner', topk=9, ignore_iof_thr=0.5),
            allowed_border=-1,
            pos_weight=-1,
            debug=False,
            neg_weight_zero_prefix='/pii',
            neg_weight_full_substrings=['BTJPSP', 'NQYJPB'],
            neg_weight_pii=0.5,
            qscore='one'),
        test_cfg=dict(
            nms_pre=-1,
            min_bbox_size=0,
            score_thr=0.02,
            nms=dict(type='nms', iou_threshold=0.45),
            max_per_img=-1)))
train_cfg = dict(
    assigner=dict(type='ATSSAssigner', topk=9, ignore_iof_thr=0.5),
    allowed_border=-1,
    pos_weight=-1,
    debug=False,
    neg_weight_zero_prefix='/pii',
    neg_weight_full_substrings=['BTJPSP', 'NQYJPB'],
    neg_weight_pii=0.5,
    qscore='one')
test_cfg = dict(
    nms_pre=-1,
    min_bbox_size=0,
    score_thr=0.02,
    nms=dict(type='nms', iou_threshold=0.45),
    max_per_img=-1)
epoch_multi = 1
evaluation = dict(interval=10000, metric='mAP')
_r = '/data/liangzhenghao/face_pii/raw_ds/'
_m = 'data/mix_ds/'
_assigner = dict(type='ATSSAssigner', topk=9, ignore_iof_thr=0.5)
work_dir = '/data/esteban/pii/train/wd_armW_nowider'
gpu_ids = range(0, 2)

2026-08-30 09:40:04,505 - mmdet - INFO - load checkpoint from local path: /data/esteban/pii/weights/SCRFD_10G_KPS_official.pth
2026-08-30 09:40:04,550 - mmdet - INFO - Start running, host: esteban@gpu-002.sjc.worldengine.ai, work_dir: /data/esteban/pii/train/wd_armW_nowider
2026-08-30 09:40:04,550 - mmdet - INFO - Hooks will be executed in the following order:
before_run:
(VERY_HIGH   ) StepLrUpdaterHook                  
(NORMAL      ) CheckpointHook                     
(VERY_LOW    ) TextLoggerHook                     
 -------------------- 
before_train_epoch:
(VERY_HIGH   ) StepLrUpdaterHook                  
(NORMAL      ) DistSamplerSeedHook                
(LOW         ) IterTimerHook                      
(VERY_LOW    ) TextLoggerHook                     
 -------------------- 
before_train_iter:
(VERY_HIGH   ) StepLrUpdaterHook                  
(LOW         ) IterTimerHook                      
 -------------------- 
after_train_iter:
(ABOVE_NORMAL) OptimizerHook                      
(NORMAL      ) CheckpointHook                     
(LOW         ) IterTimerHook                      
(VERY_LOW    ) TextLoggerHook                     
 -------------------- 
after_train_epoch:
(NORMAL      ) CheckpointHook                     
(VERY_LOW    ) TextLoggerHook                     
 -------------------- 
before_val_epoch:
(NORMAL      ) DistSamplerSeedHook                
(LOW         ) IterTimerHook                      
(VERY_LOW    ) TextLoggerHook                     
 -------------------- 
before_val_iter:
(LOW         ) IterTimerHook                      
 -------------------- 
after_val_iter:
(LOW         ) IterTimerHook                      
 -------------------- 
after_val_epoch:
(VERY_LOW    ) TextLoggerHook                     
 -------------------- 
after_run:
(VERY_LOW    ) TextLoggerHook                     
 -------------------- 
2026-08-30 09:40:04,550 - mmdet - INFO - workflow: [('train', 1)], max: 20 epochs
2026-08-30 09:40:04,551 - mmdet - INFO - Checkpoints will be saved to /data/esteban/pii/train/wd_armW_nowider by HardDiskBackend.
2026-08-30 09:42:40,604 - mmdet - INFO - Epoch [1][50/340]	lr: 9.890e-05, eta: 5:50:52, time: 3.119, data_time: 2.719, memory: 8011, loss_cls: 0.8064, loss_bbox: 0.4346, loss_kps: 0.0000, loss: 1.2410
2026-08-30 09:42:57,848 - mmdet - INFO - Epoch [1][100/340]	lr: 1.988e-04, eta: 3:13:23, time: 0.345, data_time: 0.069, memory: 8011, loss_cls: 0.6215, loss_bbox: 0.4496, loss_kps: 0.0000, loss: 1.0711
2026-08-30 09:43:22,122 - mmdet - INFO - Epoch [1][150/340]	lr: 2.987e-04, eta: 2:25:54, time: 0.485, data_time: 0.070, memory: 8011, loss_cls: 0.5387, loss_bbox: 0.4507, loss_kps: 0.0000, loss: 0.9894
2026-08-30 09:43:47,433 - mmdet - INFO - Epoch [1][200/340]	lr: 3.986e-04, eta: 2:02:31, time: 0.506, data_time: 0.067, memory: 8011, loss_cls: 0.4941, loss_bbox: 0.4366, loss_kps: 0.0000, loss: 0.9307
2026-08-30 09:44:11,482 - mmdet - INFO - Epoch [1][250/340]	lr: 4.985e-04, eta: 1:47:46, time: 0.481, data_time: 0.069, memory: 8011, loss_cls: 0.5006, loss_bbox: 0.4460, loss_kps: 0.0000, loss: 0.9466
2026-08-30 09:44:33,916 - mmdet - INFO - Epoch [1][300/340]	lr: 5.984e-04, eta: 1:37:14, time: 0.449, data_time: 0.068, memory: 8011, loss_cls: 0.4797, loss_bbox: 0.4447, loss_kps: 0.0000, loss: 0.9244
2026-08-30 09:47:37,055 - mmdet - INFO - Epoch [2][50/340]	lr: 7.782e-04, eta: 1:56:47, time: 3.141, data_time: 2.710, memory: 8011, loss_cls: 0.4554, loss_bbox: 0.4291, loss_kps: 0.0000, loss: 0.8845
2026-08-30 09:48:00,859 - mmdet - INFO - Epoch [2][100/340]	lr: 8.781e-04, eta: 1:48:26, time: 0.476, data_time: 0.072, memory: 8011, loss_cls: 0.4576, loss_bbox: 0.4397, loss_kps: 0.0000, loss: 0.8973
2026-08-30 09:48:26,753 - mmdet - INFO - Epoch [2][150/340]	lr: 9.780e-04, eta: 1:42:10, time: 0.518, data_time: 0.067, memory: 8011, loss_cls: 0.4551, loss_bbox: 0.4397, loss_kps: 0.0000, loss: 0.8948
2026-08-30 09:48:52,556 - mmdet - INFO - Epoch [2][200/340]	lr: 1.000e-03, eta: 1:36:57, time: 0.516, data_time: 0.069, memory: 8011, loss_cls: 0.4482, loss_bbox: 0.4434, loss_kps: 0.0000, loss: 0.8916
2026-08-30 09:49:22,628 - mmdet - INFO - Epoch [2][250/340]	lr: 1.000e-03, eta: 1:33:18, time: 0.601, data_time: 0.066, memory: 8011, loss_cls: 0.4439, loss_bbox: 0.4359, loss_kps: 0.0000, loss: 0.8798
2026-08-30 09:49:49,596 - mmdet - INFO - Epoch [2][300/340]	lr: 1.000e-03, eta: 1:29:39, time: 0.539, data_time: 0.068, memory: 8011, loss_cls: 0.4553, loss_bbox: 0.4352, loss_kps: 0.0000, loss: 0.8905
2026-08-30 09:53:29,116 - mmdet - INFO - Epoch [3][50/340]	lr: 1.000e-03, eta: 1:44:32, time: 3.909, data_time: 3.625, memory: 8011, loss_cls: 0.4396, loss_bbox: 0.4301, loss_kps: 0.0000, loss: 0.8697
2026-08-30 09:53:46,764 - mmdet - INFO - Epoch [3][100/340]	lr: 1.000e-03, eta: 1:39:18, time: 0.353, data_time: 0.069, memory: 8011, loss_cls: 0.4176, loss_bbox: 0.4218, loss_kps: 0.0000, loss: 0.8394
2026-08-30 09:54:09,625 - mmdet - INFO - Epoch [3][150/340]	lr: 1.000e-03, eta: 1:35:17, time: 0.457, data_time: 0.066, memory: 8011, loss_cls: 0.4309, loss_bbox: 0.4334, loss_kps: 0.0000, loss: 0.8643
2026-08-30 09:54:37,585 - mmdet - INFO - Epoch [3][200/340]	lr: 1.000e-03, eta: 1:32:15, time: 0.559, data_time: 0.066, memory: 8011, loss_cls: 0.4204, loss_bbox: 0.4151, loss_kps: 0.0000, loss: 0.8354
2026-08-30 09:55:03,001 - mmdet - INFO - Epoch [3][250/340]	lr: 1.000e-03, eta: 1:29:13, time: 0.508, data_time: 0.069, memory: 8011, loss_cls: 0.4197, loss_bbox: 0.4218, loss_kps: 0.0000, loss: 0.8414
2026-08-30 09:55:30,260 - mmdet - INFO - Epoch [3][300/340]	lr: 1.000e-03, eta: 1:26:39, time: 0.545, data_time: 0.070, memory: 8011, loss_cls: 0.4183, loss_bbox: 0.4357, loss_kps: 0.0000, loss: 0.8539
2026-08-30 09:59:01,672 - mmdet - INFO - Epoch [4][50/340]	lr: 1.000e-03, eta: 1:35:22, time: 3.862, data_time: 2.857, memory: 8011, loss_cls: 0.4109, loss_bbox: 0.4166, loss_kps: 0.0000, loss: 0.8275
2026-08-30 09:59:30,646 - mmdet - INFO - Epoch [4][100/340]	lr: 1.000e-03, eta: 1:32:46, time: 0.579, data_time: 0.074, memory: 8011, loss_cls: 0.4127, loss_bbox: 0.4085, loss_kps: 0.0000, loss: 0.8211
2026-08-30 09:59:59,780 - mmdet - INFO - Epoch [4][150/340]	lr: 1.000e-03, eta: 1:30:21, time: 0.583, data_time: 0.072, memory: 8011, loss_cls: 0.4133, loss_bbox: 0.4112, loss_kps: 0.0000, loss: 0.8245
2026-08-30 10:00:28,295 - mmdet - INFO - Epoch [4][200/340]	lr: 1.000e-03, eta: 1:28:03, time: 0.570, data_time: 0.075, memory: 8011, loss_cls: 0.4215, loss_bbox: 0.4229, loss_kps: 0.0000, loss: 0.8444
2026-08-30 10:00:57,956 - mmdet - INFO - Epoch [4][250/340]	lr: 1.000e-03, eta: 1:25:59, time: 0.592, data_time: 0.076, memory: 8011, loss_cls: 0.4126, loss_bbox: 0.4135, loss_kps: 0.0000, loss: 0.8261
2026-08-30 10:01:31,347 - mmdet - INFO - Epoch [4][300/340]	lr: 1.000e-03, eta: 1:24:17, time: 0.668, data_time: 0.074, memory: 8011, loss_cls: 0.4200, loss_bbox: 0.4316, loss_kps: 0.0000, loss: 0.8516
2026-08-30 10:04:28,835 - mmdet - INFO - Epoch [5][50/340]	lr: 1.000e-03, eta: 1:27:35, time: 3.131, data_time: 2.724, memory: 8011, loss_cls: 0.3944, loss_bbox: 0.4064, loss_kps: 0.0000, loss: 0.8007
2026-08-30 10:04:49,996 - mmdet - INFO - Epoch [5][100/340]	lr: 1.000e-03, eta: 1:25:05, time: 0.423, data_time: 0.066, memory: 8011, loss_cls: 0.4096, loss_bbox: 0.4207, loss_kps: 0.0000, loss: 0.8303
2026-08-30 10:05:17,922 - mmdet - INFO - Epoch [5][150/340]	lr: 1.000e-03, eta: 1:23:08, time: 0.559, data_time: 0.069, memory: 8011, loss_cls: 0.4047, loss_bbox: 0.4161, loss_kps: 0.0000, loss: 0.8208
2026-08-30 10:05:50,918 - mmdet - INFO - Epoch [5][200/340]	lr: 1.000e-03, eta: 1:21:33, time: 0.660, data_time: 0.072, memory: 8011, loss_cls: 0.4099, loss_bbox: 0.4175, loss_kps: 0.0000, loss: 0.8274
2026-08-30 10:06:24,004 - mmdet - INFO - Epoch [5][250/340]	lr: 1.000e-03, eta: 1:20:02, time: 0.662, data_time: 0.068, memory: 8011, loss_cls: 0.3909, loss_bbox: 0.4085, loss_kps: 0.0000, loss: 0.7994
2026-08-30 10:06:55,103 - mmdet - INFO - Epoch [5][300/340]	lr: 1.000e-03, eta: 1:18:29, time: 0.622, data_time: 0.071, memory: 8011, loss_cls: 0.3983, loss_bbox: 0.4142, loss_kps: 0.0000, loss: 0.8126
2026-08-30 10:07:16,001 - mmdet - INFO - Saving checkpoint at 5 epochs
2026-08-30 10:10:25,083 - mmdet - INFO - Epoch [6][50/340]	lr: 1.000e-03, eta: 1:22:13, time: 3.776, data_time: 2.777, memory: 8011, loss_cls: 0.4067, loss_bbox: 0.4149, loss_kps: 0.0000, loss: 0.8216
2026-08-30 10:10:54,420 - mmdet - INFO - Epoch [6][100/340]	lr: 1.000e-03, eta: 1:20:30, time: 0.587, data_time: 0.067, memory: 8011, loss_cls: 0.3964, loss_bbox: 0.4080, loss_kps: 0.0000, loss: 0.8044
2026-08-30 10:11:20,085 - mmdet - INFO - Epoch [6][150/340]	lr: 1.000e-03, eta: 1:18:42, time: 0.513, data_time: 0.074, memory: 8011, loss_cls: 0.4000, loss_bbox: 0.4105, loss_kps: 0.0000, loss: 0.8105
2026-08-30 10:11:46,206 - mmdet - INFO - Epoch [6][200/340]	lr: 1.000e-03, eta: 1:16:58, time: 0.522, data_time: 0.068, memory: 8011, loss_cls: 0.3965, loss_bbox: 0.4105, loss_kps: 0.0000, loss: 0.8070
2026-08-30 10:12:10,364 - mmdet - INFO - Epoch [6][250/340]	lr: 1.000e-03, eta: 1:15:14, time: 0.483, data_time: 0.067, memory: 8011, loss_cls: 0.4136, loss_bbox: 0.4169, loss_kps: 0.0000, loss: 0.8305
2026-08-30 10:12:35,922 - mmdet - INFO - Exp name: scrfd_armW_nowider.py
2026-08-30 10:12:35,923 - mmdet - INFO - Epoch [6][300/340]	lr: 1.000e-03, eta: 1:13:37, time: 0.511, data_time: 0.068, memory: 8011, loss_cls: 0.3913, loss_bbox: 0.4058, loss_kps: 0.0000, loss: 0.7971
2026-08-30 10:16:28,800 - mmdet - INFO - Epoch [7][50/340]	lr: 1.000e-03, eta: 1:16:52, time: 4.120, data_time: 2.782, memory: 8011, loss_cls: 0.3760, loss_bbox: 0.4065, loss_kps: 0.0000, loss: 0.7825
2026-08-30 10:16:55,691 - mmdet - INFO - Epoch [7][100/340]	lr: 1.000e-03, eta: 1:15:15, time: 0.538, data_time: 0.068, memory: 8011, loss_cls: 0.3905, loss_bbox: 0.4058, loss_kps: 0.0000, loss: 0.7963
2026-08-30 10:17:19,381 - mmdet - INFO - Epoch [7][150/340]	lr: 1.000e-03, eta: 1:13:34, time: 0.474, data_time: 0.069, memory: 8011, loss_cls: 0.3910, loss_bbox: 0.4042, loss_kps: 0.0000, loss: 0.7952
2026-08-30 10:17:37,070 - mmdet - INFO - Epoch [7][200/340]	lr: 1.000e-03, eta: 1:11:45, time: 0.354, data_time: 0.067, memory: 8011, loss_cls: 0.4031, loss_bbox: 0.4099, loss_kps: 0.0000, loss: 0.8130
2026-08-30 10:17:54,294 - mmdet - INFO - Epoch [7][250/340]	lr: 1.000e-03, eta: 1:09:59, time: 0.345, data_time: 0.071, memory: 8011, loss_cls: 0.3967, loss_bbox: 0.4108, loss_kps: 0.0000, loss: 0.8075
2026-08-30 10:18:11,717 - mmdet - INFO - Epoch [7][300/340]	lr: 1.000e-03, eta: 1:08:16, time: 0.349, data_time: 0.068, memory: 8011, loss_cls: 0.3882, loss_bbox: 0.4099, loss_kps: 0.0000, loss: 0.7981
2026-08-30 10:21:23,749 - mmdet - INFO - Epoch [8][50/340]	lr: 1.000e-03, eta: 1:09:41, time: 3.510, data_time: 2.722, memory: 8011, loss_cls: 0.4049, loss_bbox: 0.4152, loss_kps: 0.0000, loss: 0.8201
2026-08-30 10:21:49,879 - mmdet - INFO - Epoch [8][100/340]	lr: 1.000e-03, eta: 1:08:15, time: 0.522, data_time: 0.072, memory: 8011, loss_cls: 0.3890, loss_bbox: 0.4016, loss_kps: 0.0000, loss: 0.7906
2026-08-30 10:22:19,460 - mmdet - INFO - Epoch [8][150/340]	lr: 1.000e-03, eta: 1:06:58, time: 0.592, data_time: 0.070, memory: 8011, loss_cls: 0.3851, loss_bbox: 0.4090, loss_kps: 0.0000, loss: 0.7941
2026-08-30 10:22:50,276 - mmdet - INFO - Epoch [8][200/340]	lr: 1.000e-03, eta: 1:05:44, time: 0.616, data_time: 0.070, memory: 8011, loss_cls: 0.3997, loss_bbox: 0.4082, loss_kps: 0.0000, loss: 0.8079
2026-08-30 10:23:27,004 - mmdet - INFO - Epoch [8][250/340]	lr: 1.000e-03, eta: 1:04:41, time: 0.735, data_time: 0.069, memory: 8011, loss_cls: 0.3903, loss_bbox: 0.4023, loss_kps: 0.0000, loss: 0.7926
2026-08-30 10:23:56,998 - mmdet - INFO - Epoch [8][300/340]	lr: 1.000e-03, eta: 1:03:29, time: 0.600, data_time: 0.072, memory: 8011, loss_cls: 0.3797, loss_bbox: 0.4012, loss_kps: 0.0000, loss: 0.7809
2026-08-30 10:26:55,302 - mmdet - INFO - Epoch [9][50/340]	lr: 1.000e-03, eta: 1:03:54, time: 3.145, data_time: 2.704, memory: 8011, loss_cls: 0.3864, loss_bbox: 0.4034, loss_kps: 0.0000, loss: 0.7899
2026-08-30 10:27:12,374 - mmdet - INFO - Epoch [9][100/340]	lr: 1.000e-03, eta: 1:02:23, time: 0.341, data_time: 0.069, memory: 8011, loss_cls: 0.3883, loss_bbox: 0.4083, loss_kps: 0.0000, loss: 0.7966
2026-08-30 10:27:33,161 - mmdet - INFO - Epoch [9][150/340]	lr: 1.000e-03, eta: 1:01:00, time: 0.416, data_time: 0.074, memory: 8011, loss_cls: 0.3866, loss_bbox: 0.4044, loss_kps: 0.0000, loss: 0.7910
2026-08-30 10:27:58,394 - mmdet - INFO - Epoch [9][200/340]	lr: 1.000e-03, eta: 0:59:45, time: 0.504, data_time: 0.073, memory: 8011, loss_cls: 0.3875, loss_bbox: 0.4032, loss_kps: 0.0000, loss: 0.7908
2026-08-30 10:28:26,620 - mmdet - INFO - Epoch [9][250/340]	lr: 1.000e-03, eta: 0:58:36, time: 0.564, data_time: 0.070, memory: 8011, loss_cls: 0.3827, loss_bbox: 0.4049, loss_kps: 0.0000, loss: 0.7876
2026-08-30 10:28:58,516 - mmdet - INFO - Epoch [9][300/340]	lr: 1.000e-03, eta: 0:57:32, time: 0.637, data_time: 0.070, memory: 8011, loss_cls: 0.3886, loss_bbox: 0.4072, loss_kps: 0.0000, loss: 0.7958
2026-08-30 10:32:35,925 - mmdet - INFO - Epoch [10][50/340]	lr: 1.000e-03, eta: 0:58:23, time: 3.889, data_time: 2.793, memory: 8011, loss_cls: 0.3782, loss_bbox: 0.4018, loss_kps: 0.0000, loss: 0.7800
2026-08-30 10:32:52,856 - mmdet - INFO - Epoch [10][100/340]	lr: 1.000e-03, eta: 0:57:01, time: 0.339, data_time: 0.065, memory: 8011, loss_cls: 0.3848, loss_bbox: 0.4046, loss_kps: 0.0000, loss: 0.7894
2026-08-30 10:33:10,130 - mmdet - INFO - Epoch [10][150/340]	lr: 1.000e-03, eta: 0:55:40, time: 0.345, data_time: 0.069, memory: 8011, loss_cls: 0.3862, loss_bbox: 0.4110, loss_kps: 0.0000, loss: 0.7972
2026-08-30 10:33:31,974 - mmdet - INFO - Epoch [10][200/340]	lr: 1.000e-03, eta: 0:54:27, time: 0.437, data_time: 0.068, memory: 8011, loss_cls: 0.3882, loss_bbox: 0.4073, loss_kps: 0.0000, loss: 0.7956
2026-08-30 10:33:53,938 - mmdet - INFO - Epoch [10][250/340]	lr: 1.000e-03, eta: 0:53:15, time: 0.439, data_time: 0.067, memory: 8011, loss_cls: 0.3710, loss_bbox: 0.3941, loss_kps: 0.0000, loss: 0.7651
2026-08-30 10:34:17,653 - mmdet - INFO - Epoch [10][300/340]	lr: 1.000e-03, eta: 0:52:07, time: 0.474, data_time: 0.070, memory: 8011, loss_cls: 0.3757, loss_bbox: 0.4038, loss_kps: 0.0000, loss: 0.7795
2026-08-30 10:34:37,295 - mmdet - INFO - Saving checkpoint at 10 epochs
2026-08-30 10:37:56,754 - mmdet - INFO - Epoch [11][50/340]	lr: 1.000e-03, eta: 0:52:39, time: 3.983, data_time: 2.750, memory: 8011, loss_cls: 0.3701, loss_bbox: 0.4042, loss_kps: 0.0000, loss: 0.7743
2026-08-30 10:38:24,815 - mmdet - INFO - Epoch [11][100/340]	lr: 1.000e-03, eta: 0:51:34, time: 0.561, data_time: 0.069, memory: 8011, loss_cls: 0.3803, loss_bbox: 0.4029, loss_kps: 0.0000, loss: 0.7832
2026-08-30 10:38:56,578 - mmdet - INFO - Epoch [11][150/340]	lr: 1.000e-03, eta: 0:50:33, time: 0.636, data_time: 0.068, memory: 8011, loss_cls: 0.3854, loss_bbox: 0.4106, loss_kps: 0.0000, loss: 0.7960
2026-08-30 10:39:26,666 - mmdet - INFO - Epoch [11][200/340]	lr: 1.000e-03, eta: 0:49:32, time: 0.601, data_time: 0.067, memory: 8011, loss_cls: 0.3779, loss_bbox: 0.3892, loss_kps: 0.0000, loss: 0.7671
2026-08-30 10:39:55,336 - mmdet - INFO - Epoch [11][250/340]	lr: 1.000e-03, eta: 0:48:30, time: 0.574, data_time: 0.070, memory: 8011, loss_cls: 0.3704, loss_bbox: 0.3972, loss_kps: 0.0000, loss: 0.7676
2026-08-30 10:40:17,458 - mmdet - INFO - Epoch [11][300/340]	lr: 1.000e-03, eta: 0:47:24, time: 0.443, data_time: 0.066, memory: 8011, loss_cls: 0.3758, loss_bbox: 0.4029, loss_kps: 0.0000, loss: 0.7787
2026-08-30 10:43:15,619 - mmdet - INFO - Epoch [12][50/340]	lr: 1.000e-03, eta: 0:47:05, time: 3.261, data_time: 2.712, memory: 8011, loss_cls: 0.3731, loss_bbox: 0.3982, loss_kps: 0.0000, loss: 0.7713
2026-08-30 10:43:44,871 - mmdet - INFO - Epoch [12][100/340]	lr: 1.000e-03, eta: 0:46:04, time: 0.585, data_time: 0.071, memory: 8011, loss_cls: 0.3800, loss_bbox: 0.4038, loss_kps: 0.0000, loss: 0.7838
2026-08-30 10:44:16,200 - mmdet - INFO - Epoch [12][150/340]	lr: 1.000e-03, eta: 0:45:06, time: 0.627, data_time: 0.069, memory: 8011, loss_cls: 0.3721, loss_bbox: 0.3940, loss_kps: 0.0000, loss: 0.7661
2026-08-30 10:44:45,456 - mmdet - INFO - Epoch [12][200/340]	lr: 1.000e-03, eta: 0:44:07, time: 0.585, data_time: 0.070, memory: 8011, loss_cls: 0.3779, loss_bbox: 0.3969, loss_kps: 0.0000, loss: 0.7748
2026-08-30 10:45:15,624 - mmdet - INFO - Epoch [12][250/340]	lr: 1.000e-03, eta: 0:43:10, time: 0.603, data_time: 0.069, memory: 8011, loss_cls: 0.3709, loss_bbox: 0.4039, loss_kps: 0.0000, loss: 0.7747
2026-08-30 10:45:46,701 - mmdet - INFO - Epoch [12][300/340]	lr: 1.000e-03, eta: 0:42:13, time: 0.622, data_time: 0.070, memory: 8011, loss_cls: 0.3730, loss_bbox: 0.3940, loss_kps: 0.0000, loss: 0.7669
2026-08-30 10:48:56,527 - mmdet - INFO - Epoch [13][50/340]	lr: 1.000e-03, eta: 0:41:46, time: 3.376, data_time: 2.726, memory: 8011, loss_cls: 0.3530, loss_bbox: 0.3881, loss_kps: 0.0000, loss: 0.7411
2026-08-30 10:49:14,121 - mmdet - INFO - Epoch [13][100/340]	lr: 1.000e-03, eta: 0:40:41, time: 0.352, data_time: 0.069, memory: 8011, loss_cls: 0.3753, loss_bbox: 0.3977, loss_kps: 0.0000, loss: 0.7730
2026-08-30 10:49:32,123 - mmdet - INFO - Epoch [13][150/340]	lr: 1.000e-03, eta: 0:39:37, time: 0.360, data_time: 0.074, memory: 8011, loss_cls: 0.3787, loss_bbox: 0.4019, loss_kps: 0.0000, loss: 0.7806
2026-08-30 10:49:54,389 - mmdet - INFO - Epoch [13][200/340]	lr: 1.000e-03, eta: 0:38:37, time: 0.445, data_time: 0.068, memory: 8011, loss_cls: 0.3746, loss_bbox: 0.4002, loss_kps: 0.0000, loss: 0.7748
2026-08-30 10:50:17,914 - mmdet - INFO - Epoch [13][250/340]	lr: 1.000e-03, eta: 0:37:38, time: 0.471, data_time: 0.069, memory: 8011, loss_cls: 0.3692, loss_bbox: 0.4017, loss_kps: 0.0000, loss: 0.7709
2026-08-30 10:50:50,927 - mmdet - INFO - Epoch [13][300/340]	lr: 1.000e-03, eta: 0:36:45, time: 0.660, data_time: 0.068, memory: 8011, loss_cls: 0.3760, loss_bbox: 0.3961, loss_kps: 0.0000, loss: 0.7722
2026-08-30 10:54:34,043 - mmdet - INFO - Epoch [14][50/340]	lr: 1.000e-03, eta: 0:36:27, time: 4.108, data_time: 2.776, memory: 8011, loss_cls: 0.3606, loss_bbox: 0.3973, loss_kps: 0.0000, loss: 0.7579
2026-08-30 10:55:05,061 - mmdet - INFO - Epoch [14][100/340]	lr: 1.000e-03, eta: 0:35:32, time: 0.620, data_time: 0.065, memory: 8011, loss_cls: 0.3715, loss_bbox: 0.3982, loss_kps: 0.0000, loss: 0.7697
2026-08-30 10:55:28,169 - mmdet - INFO - Epoch [14][150/340]	lr: 1.000e-03, eta: 0:34:34, time: 0.462, data_time: 0.072, memory: 8011, loss_cls: 0.3721, loss_bbox: 0.3933, loss_kps: 0.0000, loss: 0.7654
2026-08-30 10:55:45,224 - mmdet - INFO - Epoch [14][200/340]	lr: 1.000e-03, eta: 0:33:34, time: 0.341, data_time: 0.069, memory: 8011, loss_cls: 0.3693, loss_bbox: 0.4057, loss_kps: 0.0000, loss: 0.7750
2026-08-30 10:56:02,400 - mmdet - INFO - Epoch [14][250/340]	lr: 1.000e-03, eta: 0:32:34, time: 0.343, data_time: 0.066, memory: 8011, loss_cls: 0.3784, loss_bbox: 0.4033, loss_kps: 0.0000, loss: 0.7818
2026-08-30 10:56:20,759 - mmdet - INFO - Epoch [14][300/340]	lr: 1.000e-03, eta: 0:31:36, time: 0.367, data_time: 0.069, memory: 8011, loss_cls: 0.3539, loss_bbox: 0.3906, loss_kps: 0.0000, loss: 0.7445
2026-08-30 10:59:34,357 - mmdet - INFO - Epoch [15][50/340]	lr: 1.000e-04, eta: 0:30:53, time: 3.529, data_time: 2.728, memory: 8011, loss_cls: 0.3610, loss_bbox: 0.3869, loss_kps: 0.0000, loss: 0.7479
2026-08-30 11:00:00,454 - mmdet - INFO - Epoch [15][100/340]	lr: 1.000e-04, eta: 0:29:58, time: 0.522, data_time: 0.069, memory: 8011, loss_cls: 0.3568, loss_bbox: 0.3842, loss_kps: 0.0000, loss: 0.7410
2026-08-30 11:00:29,849 - mmdet - INFO - Epoch [15][150/340]	lr: 1.000e-04, eta: 0:29:06, time: 0.588, data_time: 0.068, memory: 8011, loss_cls: 0.3515, loss_bbox: 0.3891, loss_kps: 0.0000, loss: 0.7406
2026-08-30 11:00:59,216 - mmdet - INFO - Epoch [15][200/340]	lr: 1.000e-04, eta: 0:28:13, time: 0.587, data_time: 0.070, memory: 8011, loss_cls: 0.3534, loss_bbox: 0.3898, loss_kps: 0.0000, loss: 0.7432
2026-08-30 11:01:32,169 - mmdet - INFO - Epoch [15][250/340]	lr: 1.000e-04, eta: 0:27:22, time: 0.659, data_time: 0.073, memory: 8011, loss_cls: 0.3645, loss_bbox: 0.3936, loss_kps: 0.0000, loss: 0.7580
2026-08-30 11:02:04,220 - mmdet - INFO - Epoch [15][300/340]	lr: 1.000e-04, eta: 0:26:32, time: 0.641, data_time: 0.070, memory: 8011, loss_cls: 0.3478, loss_bbox: 0.3824, loss_kps: 0.0000, loss: 0.7302
2026-08-30 11:02:30,207 - mmdet - INFO - Saving checkpoint at 15 epochs
2026-08-30 11:05:06,093 - mmdet - INFO - Epoch [16][50/340]	lr: 1.000e-04, eta: 0:25:33, time: 3.112, data_time: 2.719, memory: 8011, loss_cls: 0.3503, loss_bbox: 0.3847, loss_kps: 0.0000, loss: 0.7350
2026-08-30 11:05:24,196 - mmdet - INFO - Epoch [16][100/340]	lr: 1.000e-04, eta: 0:24:38, time: 0.362, data_time: 0.068, memory: 8011, loss_cls: 0.3662, loss_bbox: 0.3899, loss_kps: 0.0000, loss: 0.7560
2026-08-30 11:05:50,025 - mmdet - INFO - Epoch [16][150/340]	lr: 1.000e-04, eta: 0:23:45, time: 0.517, data_time: 0.073, memory: 8011, loss_cls: 0.3566, loss_bbox: 0.3851, loss_kps: 0.0000, loss: 0.7417
2026-08-30 11:06:24,153 - mmdet - INFO - Epoch [16][200/340]	lr: 1.000e-04, eta: 0:22:56, time: 0.682, data_time: 0.070, memory: 8011, loss_cls: 0.3592, loss_bbox: 0.3902, loss_kps: 0.0000, loss: 0.7494
2026-08-30 11:06:56,987 - mmdet - INFO - Epoch [16][250/340]	lr: 1.000e-04, eta: 0:22:07, time: 0.657, data_time: 0.071, memory: 8011, loss_cls: 0.3652, loss_bbox: 0.3891, loss_kps: 0.0000, loss: 0.7543
2026-08-30 11:07:27,963 - mmdet - INFO - Epoch [16][300/340]	lr: 1.000e-04, eta: 0:21:17, time: 0.619, data_time: 0.074, memory: 8011, loss_cls: 0.3441, loss_bbox: 0.3813, loss_kps: 0.0000, loss: 0.7254
2026-08-30 11:10:56,039 - mmdet - INFO - Epoch [17][50/340]	lr: 1.000e-04, eta: 0:20:20, time: 3.749, data_time: 2.791, memory: 8011, loss_cls: 0.3476, loss_bbox: 0.3829, loss_kps: 0.0000, loss: 0.7306
2026-08-30 11:11:14,080 - mmdet - INFO - Epoch [17][100/340]	lr: 1.000e-04, eta: 0:19:27, time: 0.361, data_time: 0.073, memory: 8011, loss_cls: 0.3418, loss_bbox: 0.3862, loss_kps: 0.0000, loss: 0.7281
2026-08-30 11:11:31,838 - mmdet - INFO - Epoch [17][150/340]	lr: 1.000e-04, eta: 0:18:35, time: 0.355, data_time: 0.065, memory: 8011, loss_cls: 0.3513, loss_bbox: 0.3773, loss_kps: 0.0000, loss: 0.7285
2026-08-30 11:11:51,580 - mmdet - INFO - Epoch [17][200/340]	lr: 1.000e-04, eta: 0:17:43, time: 0.395, data_time: 0.067, memory: 8011, loss_cls: 0.3649, loss_bbox: 0.3921, loss_kps: 0.0000, loss: 0.7571
2026-08-30 11:12:16,129 - mmdet - INFO - Epoch [17][250/340]	lr: 1.000e-04, eta: 0:16:53, time: 0.491, data_time: 0.067, memory: 8011, loss_cls: 0.3517, loss_bbox: 0.3852, loss_kps: 0.0000, loss: 0.7369
2026-08-30 11:12:36,876 - mmdet - INFO - Epoch [17][300/340]	lr: 1.000e-04, eta: 0:16:03, time: 0.415, data_time: 0.071, memory: 8011, loss_cls: 0.3581, loss_bbox: 0.3916, loss_kps: 0.0000, loss: 0.7497
2026-08-30 11:16:16,596 - mmdet - INFO - Epoch [18][50/340]	lr: 1.000e-04, eta: 0:15:01, time: 4.006, data_time: 2.813, memory: 8011, loss_cls: 0.3642, loss_bbox: 0.3888, loss_kps: 0.0000, loss: 0.7530
2026-08-30 11:16:49,104 - mmdet - INFO - Epoch [18][100/340]	lr: 1.000e-04, eta: 0:14:12, time: 0.650, data_time: 0.073, memory: 8011, loss_cls: 0.3541, loss_bbox: 0.3852, loss_kps: 0.0000, loss: 0.7392
2026-08-30 11:17:23,955 - mmdet - INFO - Epoch [18][150/340]	lr: 1.000e-04, eta: 0:13:24, time: 0.697, data_time: 0.071, memory: 8011, loss_cls: 0.3409, loss_bbox: 0.3859, loss_kps: 0.0000, loss: 0.7268
2026-08-30 11:17:59,112 - mmdet - INFO - Epoch [18][200/340]	lr: 1.000e-04, eta: 0:12:36, time: 0.703, data_time: 0.072, memory: 8011, loss_cls: 0.3497, loss_bbox: 0.3802, loss_kps: 0.0000, loss: 0.7299
2026-08-30 11:18:25,541 - mmdet - INFO - Epoch [18][250/340]	lr: 1.000e-04, eta: 0:11:48, time: 0.529, data_time: 0.072, memory: 8011, loss_cls: 0.3473, loss_bbox: 0.3829, loss_kps: 0.0000, loss: 0.7303
2026-08-30 11:18:43,466 - mmdet - INFO - Epoch [18][300/340]	lr: 1.000e-04, eta: 0:10:58, time: 0.358, data_time: 0.071, memory: 8011, loss_cls: 0.3470, loss_bbox: 0.3880, loss_kps: 0.0000, loss: 0.7349
2026-08-30 11:21:47,428 - mmdet - INFO - Epoch [19][50/340]	lr: 1.000e-05, eta: 0:09:45, time: 3.388, data_time: 2.722, memory: 8011, loss_cls: 0.3476, loss_bbox: 0.3808, loss_kps: 0.0000, loss: 0.7284
2026-08-30 11:22:16,793 - mmdet - INFO - Epoch [19][100/340]	lr: 1.000e-05, eta: 0:08:57, time: 0.588, data_time: 0.070, memory: 8011, loss_cls: 0.3493, loss_bbox: 0.3827, loss_kps: 0.0000, loss: 0.7320
2026-08-30 11:22:43,115 - mmdet - INFO - Epoch [19][150/340]	lr: 1.000e-05, eta: 0:08:09, time: 0.525, data_time: 0.070, memory: 8011, loss_cls: 0.3686, loss_bbox: 0.3916, loss_kps: 0.0000, loss: 0.7602
2026-08-30 11:23:13,778 - mmdet - INFO - Epoch [19][200/340]	lr: 1.000e-05, eta: 0:07:21, time: 0.614, data_time: 0.072, memory: 8011, loss_cls: 0.3435, loss_bbox: 0.3768, loss_kps: 0.0000, loss: 0.7203
2026-08-30 11:23:48,570 - mmdet - INFO - Epoch [19][250/340]	lr: 1.000e-05, eta: 0:06:35, time: 0.696, data_time: 0.074, memory: 8011, loss_cls: 0.3583, loss_bbox: 0.3905, loss_kps: 0.0000, loss: 0.7487
2026-08-30 11:24:18,135 - mmdet - INFO - Epoch [19][300/340]	lr: 1.000e-05, eta: 0:05:48, time: 0.592, data_time: 0.073, memory: 8011, loss_cls: 0.3466, loss_bbox: 0.3812, loss_kps: 0.0000, loss: 0.7278
2026-08-30 11:27:32,595 - mmdet - INFO - Epoch [20][50/340]	lr: 1.000e-05, eta: 0:04:29, time: 3.406, data_time: 2.812, memory: 8011, loss_cls: 0.3464, loss_bbox: 0.3801, loss_kps: 0.0000, loss: 0.7265
2026-08-30 11:27:49,736 - mmdet - INFO - Epoch [20][100/340]	lr: 1.000e-05, eta: 0:03:42, time: 0.343, data_time: 0.068, memory: 8011, loss_cls: 0.3526, loss_bbox: 0.3853, loss_kps: 0.0000, loss: 0.7379
2026-08-30 11:28:06,224 - mmdet - INFO - Epoch [20][150/340]	lr: 1.000e-05, eta: 0:02:54, time: 0.330, data_time: 0.070, memory: 8011, loss_cls: 0.3416, loss_bbox: 0.3789, loss_kps: 0.0000, loss: 0.7205
2026-08-30 11:28:22,914 - mmdet - INFO - Epoch [20][200/340]	lr: 1.000e-05, eta: 0:02:08, time: 0.334, data_time: 0.068, memory: 8011, loss_cls: 0.3553, loss_bbox: 0.3891, loss_kps: 0.0000, loss: 0.7443
2026-08-30 11:28:40,207 - mmdet - INFO - Epoch [20][250/340]	lr: 1.000e-05, eta: 0:01:22, time: 0.346, data_time: 0.069, memory: 8011, loss_cls: 0.3547, loss_bbox: 0.3798, loss_kps: 0.0000, loss: 0.7345
2026-08-30 11:28:57,821 - mmdet - INFO - Epoch [20][300/340]	lr: 1.000e-05, eta: 0:00:36, time: 0.352, data_time: 0.071, memory: 8011, loss_cls: 0.3611, loss_bbox: 0.3874, loss_kps: 0.0000, loss: 0.7485
2026-08-30 11:29:13,191 - mmdet - INFO - Saving checkpoint at 20 epochs
