2026-10-02 04:03:44,130 - mmdet - INFO - Environment info:
------------------------------------------------------------
sys.platform: linux
Python: 3.12.3 (main, Jun 19 2026, 12:46:00) [GCC 13.3.0]
CUDA available: True
GPU 0,1,2,3,4,5,6,7: NVIDIA H100 80GB HBM3
CUDA_HOME: /usr/local/cuda
NVCC: Build cuda_13.0.r13.0/compiler.36424714_0
GCC: gcc (Ubuntu 13.3.0-6ubuntu2~24.04.1) 13.3.0
PyTorch: 2.13.0+cu130
PyTorch compiling details: PyTorch built with:
  - GCC 13.3
  - C++ Version: 202002
  - Intel(R) oneAPI Math Kernel Library Version 2024.2-Product Build 20240605 for Intel(R) 64 architecture applications
  - Intel(R) MKL-DNN v3.12.0 (Git Hash 80afa71049cd69a3df32adcccb623b12cd7baa22)
  - OpenMP 201511 (a.k.a. OpenMP 4.5)
  - LAPACK is enabled (usually provided by MKL)
  - NNPACK is enabled
  - CPU capability usage: AVX512
  - CUDA Runtime 13.0
  - NVCC architecture flags: -gencode;arch=compute_75,code=sm_75;-gencode;arch=compute_80,code=sm_80;-gencode;arch=compute_86,code=sm_86;-gencode;arch=compute_90,code=sm_90;-gencode;arch=compute_100,code=sm_100;-gencode;arch=compute_120,code=sm_120
  - CuDNN 92.0  (built against CUDA 13.2)
  - Magma 2.6.1
  - Build settings: BLAS_INFO=mkl, BUILD_TYPE=Release, COMMIT_SHA=cf30153c4c131c8164ee7798e5022d810682e2cb, CUDA_FLAGS= -DLIBCUDACXX_ENABLE_SIMPLIFIED_COMPLEX_OPERATIONS -Xfatbin -compress-all -DONNX_NAMESPACE=onnx_torch -gencode arch=compute_75,code=sm_75 -gencode arch=compute_80,code=sm_80 -gencode arch=compute_86,code=sm_86 -gencode arch=compute_90,code=sm_90 -gencode arch=compute_100,code=sm_100 -gencode arch=compute_120,code=sm_120 -Xcudafe --diag_suppress=cc_clobber_ignored,--diag_suppress=field_without_dll_interface,--diag_suppress=base_class_has_different_dll_interface,--diag_suppress=dll_interface_conflict_none_assumed,--diag_suppress=dll_interface_conflict_dllexport_assumed,--diag_suppress=bad_friend_decl --expt-relaxed-constexpr --expt-extended-lambda -Xfatbin -compress-all --threads 2 -compress-mode=size -Wno-deprecated-gpu-targets --expt-extended-lambda -DCUB_WRAPPED_NAMESPACE=at_cuda_detail -DDISABLE_CUSPARSE_DEPRECATED -DCUDA_HAS_FP16=1 -D__CUDA_NO_HALF_OPERATORS__ -D__CUDA_NO_HALF_CONVERSIONS__ -D__CUDA_NO_HALF2_OPERATORS__ -D__CUDA_NO_BFLOAT16_CONVERSIONS__ -DC10_NODEPRECATED, CUDA_VERSION=13.0, CUDNN_VERSION=9.20.0, CXX_COMPILER=/opt/rh/gcc-toolset-13/root/usr/bin/c++, CXX_FLAGS= -fvisibility-inlines-hidden -DUSE_PTHREADPOOL -DNDEBUG -DUSE_KINETO -DHAS_CUPTI -DUSE_FBGEMM -DUSE_MSLK -DUSE_PYTORCH_QNNPACK -DSYMBOLICATE_MOBILE_DEBUG_HANDLE -O2 -fPIC -DC10_NODEPRECATED -Wall -Wextra -Werror=return-type -Werror=non-virtual-dtor -Werror=range-loop-construct -Werror=bool-operation -Wnarrowing -Wno-missing-field-initializers -Wno-unknown-pragmas -Wno-unused-parameter -Wno-strict-overflow -Wno-strict-aliasing -Wno-stringop-overflow -Wsuggest-override -Wno-psabi -Wno-error=old-style-cast -faligned-new -Wno-maybe-uninitialized -fno-math-errno -fno-trapping-math -Werror=format -Wno-dangling-reference -Wno-error=dangling-reference -Wno-stringop-overflow, LAPACK_INFO=mkl, PERF_WITH_AVX=1, PERF_WITH_AVX2=1, TORCH_VERSION=2.13.0, USE_CUDA=1, USE_CUDNN=ON, USE_CUSPARSELT=1, USE_GFLAGS=OFF, USE_GLOG=OFF, USE_GLOO=ON, USE_MKL=ON, USE_MKLDNN=ON, USE_MPI=OFF, USE_NCCL=ON, USE_NNPACK=ON, USE_OPENMP=ON, USE_ROCM=OFF, USE_ROCM_KERNEL_ASSERT=OFF, USE_XCCL=OFF, USE_XPU=OFF, 

TorchVision: 0.28.0+cu130
OpenCV: 4.11.0
MMCV: 1.4.0
MMCV Compiler: n/a (scrfd_shim: mmcv compiled without ops)
MMCV CUDA Compiler: n/a (scrfd_shim: mmcv compiled without ops)
MMDetection: 2.7.0+
------------------------------------------------------------

2026-10-02 04:03:44,375 - mmdet - INFO - Distributed training: True
2026-10-02 04:03:44,464 - mmdet - INFO - Config:
optimizer = dict(type='SGD', lr=0.0001, momentum=0.9, weight_decay=0.0005)
optimizer_config = dict(
    type='GradientCumulativeOptimizerHook', cumulative_iters=1, grad_clip=None)
lr_config = dict(
    policy='step',
    warmup='linear',
    warmup_iters=200,
    warmup_ratio=0.001,
    step=[4])
total_epochs = 5
checkpoint_config = dict(interval=1)
log_config = dict(interval=50, hooks=[dict(type='TextLoggerHook')])
dist_params = dict(backend='nccl')
log_level = 'INFO'
load_from = '/mnt/cachefs/esteban/pii/runs/train/wd_armAM34_fluence/epoch_20.pth'
work_dir = '/mnt/cachefs/esteban/pii/runs/train/wd_armAV34_fluence'
resume_from = None
workflow = [('train', 1)]
dataset_type = 'RetinaFaceDataset'
data_root = 'data/retinaface/'
train_root = 'data/retinaface/train/'
val_root = 'data/retinaface/val/'
img_norm_cfg = dict(
    mean=[127.5, 127.5, 127.5], std=[128.0, 128.0, 128.0], to_rgb=True)
train_pipeline = [
    dict(type='LoadImageFromFile', to_float32=True),
    dict(type='LoadAnnotations', with_bbox=True, with_keypoints=True),
    dict(
        type='RandomSquareCrop',
        crop_choice=[0.3, 0.45, 0.6, 0.8, 1.0, 1.2, 1.4, 1.6, 1.8, 2.0],
        bbox_clip_border=False),
    dict(
        type='Resize',
        img_scale=(640, 640),
        keep_ratio=False,
        bbox_clip_border=False),
    dict(type='RandomFlip', flip_ratio=0.5),
    dict(
        type='PhotoMetricDistortion',
        brightness_delta=32,
        contrast_range=(0.5, 1.5),
        saturation_range=(0.5, 1.5),
        hue_delta=18),
    dict(
        type='Normalize',
        mean=[127.5, 127.5, 127.5],
        std=[128.0, 128.0, 128.0],
        to_rgb=True),
    dict(type='DefaultFormatBundle'),
    dict(
        type='Collect',
        keys=[
            'img', 'gt_bboxes', 'gt_labels', 'gt_bboxes_ignore',
            'gt_keypointss'
        ])
]
test_pipeline = [
    dict(type='LoadImageFromFile'),
    dict(
        type='MultiScaleFlipAug',
        img_scale=(640, 640),
        flip=False,
        transforms=[
            dict(type='Resize', keep_ratio=True),
            dict(type='RandomFlip', flip_ratio=0.0),
            dict(
                type='Normalize',
                mean=[127.5, 127.5, 127.5],
                std=[128.0, 128.0, 128.0],
                to_rgb=True),
            dict(type='Pad', size=(640, 640), pad_val=0),
            dict(type='ImageToTensor', keys=['img']),
            dict(type='Collect', keys=['img'])
        ])
]
data = dict(
    samples_per_gpu=8,
    workers_per_gpu=16,
    train=dict(
        type='RetinaFaceDataset',
        ann_file='data/mix_ds/train_FD.txt',
        img_prefix='data/mix_ds/images/',
        pipeline=[
            dict(type='LoadImageFromFile', to_float32=True),
            dict(type='LoadAnnotations', with_bbox=True, with_keypoints=True),
            dict(
                type='RandomSquareCrop',
                crop_choice=[
                    0.3, 0.45, 0.6, 0.8, 1.0, 1.2, 1.4, 1.6, 1.8, 2.0
                ],
                bbox_clip_border=False),
            dict(
                type='Resize',
                img_scale=(640, 640),
                keep_ratio=False,
                bbox_clip_border=False),
            dict(type='RandomFlip', flip_ratio=0.5),
            dict(
                type='PhotoMetricDistortion',
                brightness_delta=32,
                contrast_range=(0.5, 1.5),
                saturation_range=(0.5, 1.5),
                hue_delta=18),
            dict(
                type='Normalize',
                mean=[127.5, 127.5, 127.5],
                std=[128.0, 128.0, 128.0],
                to_rgb=True),
            dict(type='DefaultFormatBundle'),
            dict(
                type='Collect',
                keys=[
                    'img', 'gt_bboxes', 'gt_labels', 'gt_bboxes_ignore',
                    'gt_keypointss'
                ])
        ]),
    val=dict(
        type='RetinaFaceDataset',
        ann_file='/data/liangzhenghao/face_pii/raw_ds/val/labelv2.txt',
        img_prefix='/data/liangzhenghao/face_pii/raw_ds/images/',
        pipeline=[
            dict(type='LoadImageFromFile'),
            dict(
                type='MultiScaleFlipAug',
                img_scale=(640, 640),
                flip=False,
                transforms=[
                    dict(type='Resize', keep_ratio=True),
                    dict(type='RandomFlip', flip_ratio=0.0),
                    dict(
                        type='Normalize',
                        mean=[127.5, 127.5, 127.5],
                        std=[128.0, 128.0, 128.0],
                        to_rgb=True),
                    dict(type='Pad', size=(640, 640), pad_val=0),
                    dict(type='ImageToTensor', keys=['img']),
                    dict(type='Collect', keys=['img'])
                ])
        ]),
    test=dict(
        type='RetinaFaceDataset',
        ann_file='/data/liangzhenghao/face_pii/raw_ds/val/labelv2.txt',
        img_prefix='/data/liangzhenghao/face_pii/raw_ds/images/',
        pipeline=[
            dict(type='LoadImageFromFile'),
            dict(
                type='MultiScaleFlipAug',
                img_scale=(640, 640),
                flip=False,
                transforms=[
                    dict(type='Resize', keep_ratio=True),
                    dict(type='RandomFlip', flip_ratio=0.0),
                    dict(
                        type='Normalize',
                        mean=[127.5, 127.5, 127.5],
                        std=[128.0, 128.0, 128.0],
                        to_rgb=True),
                    dict(type='Pad', size=(640, 640), pad_val=0),
                    dict(type='ImageToTensor', keys=['img']),
                    dict(type='Collect', keys=['img'])
                ])
        ]))
train_cfg = dict(
    assigner=dict(type='ATSSAssigner', topk=9, ignore_iof_thr=0.5),
    allowed_border=-1,
    pos_weight=-1,
    debug=False,
    neg_weight_zero_prefix='/pii',
    neg_weight_full_substrings=['BTJPSP', 'NQYJPB'],
    neg_weight_pii=0.5,
    qscore='one')
test_cfg = dict(
    nms_pre=-1,
    min_bbox_size=0,
    score_thr=0.02,
    nms=dict(type='nms', iou_threshold=0.45),
    max_per_img=-1)
model = dict(
    type='SCRFD',
    backbone=dict(
        type='ResNetV1e',
        depth=0,
        block_cfg=dict(
            block='Bottleneck',
            stage_blocks=(17, 16, 2, 8),
            stage_planes=[56, 56, 144, 184]),
        base_channels=56,
        num_stages=4,
        out_indices=(0, 1, 2, 3),
        norm_cfg=dict(type='BN', requires_grad=True),
        norm_eval=False,
        style='pytorch'),
    neck=dict(
        type='PAFPN',
        in_channels=[224, 224, 576, 736],
        out_channels=128,
        start_level=1,
        add_extra_convs='on_output',
        num_outs=3),
    bbox_head=dict(
        type='SCRFDHead',
        num_classes=1,
        in_channels=128,
        stacked_convs=2,
        feat_channels=256,
        norm_cfg=dict(type='GN', num_groups=32, requires_grad=True),
        cls_reg_share=True,
        strides_share=True,
        scale_mode=2,
        anchor_generator=dict(
            type='AnchorGenerator',
            ratios=[1.0],
            scales=[1, 2],
            base_sizes=[16, 64, 256],
            strides=[8, 16, 32]),
        loss_cls=dict(
            type='QualityFocalLoss',
            use_sigmoid=True,
            beta=2.0,
            loss_weight=1.0),
        loss_dfl=False,
        reg_max=8,
        loss_bbox=dict(type='DIoULoss', loss_weight=2.0),
        use_kps=True,
        loss_kps=dict(
            type='SmoothL1Loss', beta=0.1111111111111111, loss_weight=0.1),
        train_cfg=dict(
            assigner=dict(type='ATSSAssigner', topk=9, ignore_iof_thr=0.5),
            allowed_border=-1,
            pos_weight=-1,
            debug=False,
            neg_weight_zero_prefix='/pii',
            neg_weight_full_substrings=['BTJPSP', 'NQYJPB'],
            neg_weight_pii=0.5,
            qscore='one'),
        test_cfg=dict(
            nms_pre=-1,
            min_bbox_size=0,
            score_thr=0.02,
            nms=dict(type='nms', iou_threshold=0.45),
            max_per_img=-1)))
evaluation = dict(interval=10000, metric='mAP')
custom_hooks = [
    dict(
        type='EMAHook', momentum=0.0002, interval=1, warm_up=100, priority=49)
]
gpu_ids = range(0, 8)

2026-10-02 04:03:47,857 - mmdet - INFO - load checkpoint from local path: /mnt/cachefs/esteban/pii/runs/train/wd_armAM34_fluence/epoch_20.pth
2026-10-02 04:03:48,171 - mmdet - WARNING - The model and loaded state dict do not match exactly

unexpected key in source state_dict: ema_backbone_stem_0_weight, ema_backbone_stem_1_weight, ema_backbone_stem_1_bias, ema_backbone_stem_3_weight, ema_backbone_stem_4_weight, ema_backbone_stem_4_bias, ema_backbone_stem_6_weight, ema_backbone_stem_7_weight, ema_backbone_stem_7_bias, ema_backbone_layer1_0_conv1_weight, ema_backbone_layer1_0_bn1_weight, ema_backbone_layer1_0_bn1_bias, ema_backbone_layer1_0_conv2_weight, ema_backbone_layer1_0_bn2_weight, ema_backbone_layer1_0_bn2_bias, ema_backbone_layer1_0_conv3_weight, ema_backbone_layer1_0_bn3_weight, ema_backbone_layer1_0_bn3_bias, ema_backbone_layer1_0_downsample_1_weight, ema_backbone_layer1_0_downsample_2_weight, ema_backbone_layer1_0_downsample_2_bias, ema_backbone_layer1_1_conv1_weight, ema_backbone_layer1_1_bn1_weight, ema_backbone_layer1_1_bn1_bias, ema_backbone_layer1_1_conv2_weight, ema_backbone_layer1_1_bn2_weight, ema_backbone_layer1_1_bn2_bias, ema_backbone_layer1_1_conv3_weight, ema_backbone_layer1_1_bn3_weight, ema_backbone_layer1_1_bn3_bias, ema_backbone_layer1_2_conv1_weight, ema_backbone_layer1_2_bn1_weight, ema_backbone_layer1_2_bn1_bias, ema_backbone_layer1_2_conv2_weight, ema_backbone_layer1_2_bn2_weight, ema_backbone_layer1_2_bn2_bias, ema_backbone_layer1_2_conv3_weight, ema_backbone_layer1_2_bn3_weight, ema_backbone_layer1_2_bn3_bias, ema_backbone_layer1_3_conv1_weight, ema_backbone_layer1_3_bn1_weight, ema_backbone_layer1_3_bn1_bias, ema_backbone_layer1_3_conv2_weight, ema_backbone_layer1_3_bn2_weight, ema_backbone_layer1_3_bn2_bias, ema_backbone_layer1_3_conv3_weight, ema_backbone_layer1_3_bn3_weight, ema_backbone_layer1_3_bn3_bias, ema_backbone_layer1_4_conv1_weight, ema_backbone_layer1_4_bn1_weight, ema_backbone_layer1_4_bn1_bias, ema_backbone_layer1_4_conv2_weight, ema_backbone_layer1_4_bn2_weight, ema_backbone_layer1_4_bn2_bias, ema_backbone_layer1_4_conv3_weight, ema_backbone_layer1_4_bn3_weight, ema_backbone_layer1_4_bn3_bias, ema_backbone_layer1_5_conv1_weight, ema_backbone_layer1_5_bn1_weight, ema_backbone_layer1_5_bn1_bias, ema_backbone_layer1_5_conv2_weight, ema_backbone_layer1_5_bn2_weight, ema_backbone_layer1_5_bn2_bias, ema_backbone_layer1_5_conv3_weight, ema_backbone_layer1_5_bn3_weight, ema_backbone_layer1_5_bn3_bias, ema_backbone_layer1_6_conv1_weight, ema_backbone_layer1_6_bn1_weight, ema_backbone_layer1_6_bn1_bias, ema_backbone_layer1_6_conv2_weight, ema_backbone_layer1_6_bn2_weight, ema_backbone_layer1_6_bn2_bias, ema_backbone_layer1_6_conv3_weight, ema_backbone_layer1_6_bn3_weight, ema_backbone_layer1_6_bn3_bias, ema_backbone_layer1_7_conv1_weight, ema_backbone_layer1_7_bn1_weight, ema_backbone_layer1_7_bn1_bias, ema_backbone_layer1_7_conv2_weight, ema_backbone_layer1_7_bn2_weight, ema_backbone_layer1_7_bn2_bias, ema_backbone_layer1_7_conv3_weight, ema_backbone_layer1_7_bn3_weight, ema_backbone_layer1_7_bn3_bias, ema_backbone_layer1_8_conv1_weight, ema_backbone_layer1_8_bn1_weight, ema_backbone_layer1_8_bn1_bias, ema_backbone_layer1_8_conv2_weight, ema_backbone_layer1_8_bn2_weight, ema_backbone_layer1_8_bn2_bias, ema_backbone_layer1_8_conv3_weight, ema_backbone_layer1_8_bn3_weight, ema_backbone_layer1_8_bn3_bias, ema_backbone_layer1_9_conv1_weight, ema_backbone_layer1_9_bn1_weight, ema_backbone_layer1_9_bn1_bias, ema_backbone_layer1_9_conv2_weight, ema_backbone_layer1_9_bn2_weight, ema_backbone_layer1_9_bn2_bias, ema_backbone_layer1_9_conv3_weight, ema_backbone_layer1_9_bn3_weight, ema_backbone_layer1_9_bn3_bias, ema_backbone_layer1_10_conv1_weight, ema_backbone_layer1_10_bn1_weight, ema_backbone_layer1_10_bn1_bias, ema_backbone_layer1_10_conv2_weight, ema_backbone_layer1_10_bn2_weight, ema_backbone_layer1_10_bn2_bias, ema_backbone_layer1_10_conv3_weight, ema_backbone_layer1_10_bn3_weight, ema_backbone_layer1_10_bn3_bias, ema_backbone_layer1_11_conv1_weight, ema_backbone_layer1_11_bn1_weight, ema_backbone_layer1_11_bn1_bias, ema_backbone_layer1_11_conv2_weight, ema_backbone_layer1_11_bn2_weight, ema_backbone_layer1_11_bn2_bias, ema_backbone_layer1_11_conv3_weight, ema_backbone_layer1_11_bn3_weight, ema_backbone_layer1_11_bn3_bias, ema_backbone_layer1_12_conv1_weight, ema_backbone_layer1_12_bn1_weight, ema_backbone_layer1_12_bn1_bias, ema_backbone_layer1_12_conv2_weight, ema_backbone_layer1_12_bn2_weight, ema_backbone_layer1_12_bn2_bias, ema_backbone_layer1_12_conv3_weight, ema_backbone_layer1_12_bn3_weight, ema_backbone_layer1_12_bn3_bias, ema_backbone_layer1_13_conv1_weight, ema_backbone_layer1_13_bn1_weight, ema_backbone_layer1_13_bn1_bias, ema_backbone_layer1_13_conv2_weight, ema_backbone_layer1_13_bn2_weight, ema_backbone_layer1_13_bn2_bias, ema_backbone_layer1_13_conv3_weight, ema_backbone_layer1_13_bn3_weight, ema_backbone_layer1_13_bn3_bias, ema_backbone_layer1_14_conv1_weight, ema_backbone_layer1_14_bn1_weight, ema_backbone_layer1_14_bn1_bias, ema_backbone_layer1_14_conv2_weight, ema_backbone_layer1_14_bn2_weight, ema_backbone_layer1_14_bn2_bias, ema_backbone_layer1_14_conv3_weight, ema_backbone_layer1_14_bn3_weight, ema_backbone_layer1_14_bn3_bias, ema_backbone_layer1_15_conv1_weight, ema_backbone_layer1_15_bn1_weight, ema_backbone_layer1_15_bn1_bias, ema_backbone_layer1_15_conv2_weight, ema_backbone_layer1_15_bn2_weight, ema_backbone_layer1_15_bn2_bias, ema_backbone_layer1_15_conv3_weight, ema_backbone_layer1_15_bn3_weight, ema_backbone_layer1_15_bn3_bias, ema_backbone_layer1_16_conv1_weight, ema_backbone_layer1_16_bn1_weight, ema_backbone_layer1_16_bn1_bias, ema_backbone_layer1_16_conv2_weight, ema_backbone_layer1_16_bn2_weight, ema_backbone_layer1_16_bn2_bias, ema_backbone_layer1_16_conv3_weight, ema_backbone_layer1_16_bn3_weight, ema_backbone_layer1_16_bn3_bias, ema_backbone_layer2_0_conv1_weight, ema_backbone_layer2_0_bn1_weight, ema_backbone_layer2_0_bn1_bias, ema_backbone_layer2_0_conv2_weight, ema_backbone_layer2_0_bn2_weight, ema_backbone_layer2_0_bn2_bias, ema_backbone_layer2_0_conv3_weight, ema_backbone_layer2_0_bn3_weight, ema_backbone_layer2_0_bn3_bias, ema_backbone_layer2_0_downsample_1_weight, ema_backbone_layer2_0_downsample_2_weight, ema_backbone_layer2_0_downsample_2_bias, ema_backbone_layer2_1_conv1_weight, ema_backbone_layer2_1_bn1_weight, ema_backbone_layer2_1_bn1_bias, ema_backbone_layer2_1_conv2_weight, ema_backbone_layer2_1_bn2_weight, ema_backbone_layer2_1_bn2_bias, ema_backbone_layer2_1_conv3_weight, ema_backbone_layer2_1_bn3_weight, ema_backbone_layer2_1_bn3_bias, ema_backbone_layer2_2_conv1_weight, ema_backbone_layer2_2_bn1_weight, ema_backbone_layer2_2_bn1_bias, ema_backbone_layer2_2_conv2_weight, ema_backbone_layer2_2_bn2_weight, ema_backbone_layer2_2_bn2_bias, ema_backbone_layer2_2_conv3_weight, ema_backbone_layer2_2_bn3_weight, ema_backbone_layer2_2_bn3_bias, ema_backbone_layer2_3_conv1_weight, ema_backbone_layer2_3_bn1_weight, ema_backbone_layer2_3_bn1_bias, ema_backbone_layer2_3_conv2_weight, ema_backbone_layer2_3_bn2_weight, ema_backbone_layer2_3_bn2_bias, ema_backbone_layer2_3_conv3_weight, ema_backbone_layer2_3_bn3_weight, ema_backbone_layer2_3_bn3_bias, ema_backbone_layer2_4_conv1_weight, ema_backbone_layer2_4_bn1_weight, ema_backbone_layer2_4_bn1_bias, ema_backbone_layer2_4_conv2_weight, ema_backbone_layer2_4_bn2_weight, ema_backbone_layer2_4_bn2_bias, ema_backbone_layer2_4_conv3_weight, ema_backbone_layer2_4_bn3_weight, ema_backbone_layer2_4_bn3_bias, ema_backbone_layer2_5_conv1_weight, ema_backbone_layer2_5_bn1_weight, ema_backbone_layer2_5_bn1_bias, ema_backbone_layer2_5_conv2_weight, ema_backbone_layer2_5_bn2_weight, ema_backbone_layer2_5_bn2_bias, ema_backbone_layer2_5_conv3_weight, ema_backbone_layer2_5_bn3_weight, ema_backbone_layer2_5_bn3_bias, ema_backbone_layer2_6_conv1_weight, ema_backbone_layer2_6_bn1_weight, ema_backbone_layer2_6_bn1_bias, ema_backbone_layer2_6_conv2_weight, ema_backbone_layer2_6_bn2_weight, ema_backbone_layer2_6_bn2_bias, ema_backbone_layer2_6_conv3_weight, ema_backbone_layer2_6_bn3_weight, ema_backbone_layer2_6_bn3_bias, ema_backbone_layer2_7_conv1_weight, ema_backbone_layer2_7_bn1_weight, ema_backbone_layer2_7_bn1_bias, ema_backbone_layer2_7_conv2_weight, ema_backbone_layer2_7_bn2_weight, ema_backbone_layer2_7_bn2_bias, ema_backbone_layer2_7_conv3_weight, ema_backbone_layer2_7_bn3_weight, ema_backbone_layer2_7_bn3_bias, ema_backbone_layer2_8_conv1_weight, ema_backbone_layer2_8_bn1_weight, ema_backbone_layer2_8_bn1_bias, ema_backbone_layer2_8_conv2_weight, ema_backbone_layer2_8_bn2_weight, ema_backbone_layer2_8_bn2_bias, ema_backbone_layer2_8_conv3_weight, ema_backbone_layer2_8_bn3_weight, ema_backbone_layer2_8_bn3_bias, ema_backbone_layer2_9_conv1_weight, ema_backbone_layer2_9_bn1_weight, ema_backbone_layer2_9_bn1_bias, ema_backbone_layer2_9_conv2_weight, ema_backbone_layer2_9_bn2_weight, ema_backbone_layer2_9_bn2_bias, ema_backbone_layer2_9_conv3_weight, ema_backbone_layer2_9_bn3_weight, ema_backbone_layer2_9_bn3_bias, ema_backbone_layer2_10_conv1_weight, ema_backbone_layer2_10_bn1_weight, ema_backbone_layer2_10_bn1_bias, ema_backbone_layer2_10_conv2_weight, ema_backbone_layer2_10_bn2_weight, ema_backbone_layer2_10_bn2_bias, ema_backbone_layer2_10_conv3_weight, ema_backbone_layer2_10_bn3_weight, ema_backbone_layer2_10_bn3_bias, ema_backbone_layer2_11_conv1_weight, ema_backbone_layer2_11_bn1_weight, ema_backbone_layer2_11_bn1_bias, ema_backbone_layer2_11_conv2_weight, ema_backbone_layer2_11_bn2_weight, ema_backbone_layer2_11_bn2_bias, ema_backbone_layer2_11_conv3_weight, ema_backbone_layer2_11_bn3_weight, ema_backbone_layer2_11_bn3_bias, ema_backbone_layer2_12_conv1_weight, ema_backbone_layer2_12_bn1_weight, ema_backbone_layer2_12_bn1_bias, ema_backbone_layer2_12_conv2_weight, ema_backbone_layer2_12_bn2_weight, ema_backbone_layer2_12_bn2_bias, ema_backbone_layer2_12_conv3_weight, ema_backbone_layer2_12_bn3_weight, ema_backbone_layer2_12_bn3_bias, ema_backbone_layer2_13_conv1_weight, ema_backbone_layer2_13_bn1_weight, ema_backbone_layer2_13_bn1_bias, ema_backbone_layer2_13_conv2_weight, ema_backbone_layer2_13_bn2_weight, ema_backbone_layer2_13_bn2_bias, ema_backbone_layer2_13_conv3_weight, ema_backbone_layer2_13_bn3_weight, ema_backbone_layer2_13_bn3_bias, ema_backbone_layer2_14_conv1_weight, ema_backbone_layer2_14_bn1_weight, ema_backbone_layer2_14_bn1_bias, ema_backbone_layer2_14_conv2_weight, ema_backbone_layer2_14_bn2_weight, ema_backbone_layer2_14_bn2_bias, ema_backbone_layer2_14_conv3_weight, ema_backbone_layer2_14_bn3_weight, ema_backbone_layer2_14_bn3_bias, ema_backbone_layer2_15_conv1_weight, ema_backbone_layer2_15_bn1_weight, ema_backbone_layer2_15_bn1_bias, ema_backbone_layer2_15_conv2_weight, ema_backbone_layer2_15_bn2_weight, ema_backbone_layer2_15_bn2_bias, ema_backbone_layer2_15_conv3_weight, ema_backbone_layer2_15_bn3_weight, ema_backbone_layer2_15_bn3_bias, ema_backbone_layer3_0_conv1_weight, ema_backbone_layer3_0_bn1_weight, ema_backbone_layer3_0_bn1_bias, ema_backbone_layer3_0_conv2_weight, ema_backbone_layer3_0_bn2_weight, ema_backbone_layer3_0_bn2_bias, ema_backbone_layer3_0_conv3_weight, ema_backbone_layer3_0_bn3_weight, ema_backbone_layer3_0_bn3_bias, ema_backbone_layer3_0_downsample_1_weight, ema_backbone_layer3_0_downsample_2_weight, ema_backbone_layer3_0_downsample_2_bias, ema_backbone_layer3_1_conv1_weight, ema_backbone_layer3_1_bn1_weight, ema_backbone_layer3_1_bn1_bias, ema_backbone_layer3_1_conv2_weight, ema_backbone_layer3_1_bn2_weight, ema_backbone_layer3_1_bn2_bias, ema_backbone_layer3_1_conv3_weight, ema_backbone_layer3_1_bn3_weight, ema_backbone_layer3_1_bn3_bias, ema_backbone_layer4_0_conv1_weight, ema_backbone_layer4_0_bn1_weight, ema_backbone_layer4_0_bn1_bias, ema_backbone_layer4_0_conv2_weight, ema_backbone_layer4_0_bn2_weight, ema_backbone_layer4_0_bn2_bias, ema_backbone_layer4_0_conv3_weight, ema_backbone_layer4_0_bn3_weight, ema_backbone_layer4_0_bn3_bias, ema_backbone_layer4_0_downsample_1_weight, ema_backbone_layer4_0_downsample_2_weight, ema_backbone_layer4_0_downsample_2_bias, ema_backbone_layer4_1_conv1_weight, ema_backbone_layer4_1_bn1_weight, ema_backbone_layer4_1_bn1_bias, ema_backbone_layer4_1_conv2_weight, ema_backbone_layer4_1_bn2_weight, ema_backbone_layer4_1_bn2_bias, ema_backbone_layer4_1_conv3_weight, ema_backbone_layer4_1_bn3_weight, ema_backbone_layer4_1_bn3_bias, ema_backbone_layer4_2_conv1_weight, ema_backbone_layer4_2_bn1_weight, ema_backbone_layer4_2_bn1_bias, ema_backbone_layer4_2_conv2_weight, ema_backbone_layer4_2_bn2_weight, ema_backbone_layer4_2_bn2_bias, ema_backbone_layer4_2_conv3_weight, ema_backbone_layer4_2_bn3_weight, ema_backbone_layer4_2_bn3_bias, ema_backbone_layer4_3_conv1_weight, ema_backbone_layer4_3_bn1_weight, ema_backbone_layer4_3_bn1_bias, ema_backbone_layer4_3_conv2_weight, ema_backbone_layer4_3_bn2_weight, ema_backbone_layer4_3_bn2_bias, ema_backbone_layer4_3_conv3_weight, ema_backbone_layer4_3_bn3_weight, ema_backbone_layer4_3_bn3_bias, ema_backbone_layer4_4_conv1_weight, ema_backbone_layer4_4_bn1_weight, ema_backbone_layer4_4_bn1_bias, ema_backbone_layer4_4_conv2_weight, ema_backbone_layer4_4_bn2_weight, ema_backbone_layer4_4_bn2_bias, ema_backbone_layer4_4_conv3_weight, ema_backbone_layer4_4_bn3_weight, ema_backbone_layer4_4_bn3_bias, ema_backbone_layer4_5_conv1_weight, ema_backbone_layer4_5_bn1_weight, ema_backbone_layer4_5_bn1_bias, ema_backbone_layer4_5_conv2_weight, ema_backbone_layer4_5_bn2_weight, ema_backbone_layer4_5_bn2_bias, ema_backbone_layer4_5_conv3_weight, ema_backbone_layer4_5_bn3_weight, ema_backbone_layer4_5_bn3_bias, ema_backbone_layer4_6_conv1_weight, ema_backbone_layer4_6_bn1_weight, ema_backbone_layer4_6_bn1_bias, ema_backbone_layer4_6_conv2_weight, ema_backbone_layer4_6_bn2_weight, ema_backbone_layer4_6_bn2_bias, ema_backbone_layer4_6_conv3_weight, ema_backbone_layer4_6_bn3_weight, ema_backbone_layer4_6_bn3_bias, ema_backbone_layer4_7_conv1_weight, ema_backbone_layer4_7_bn1_weight, ema_backbone_layer4_7_bn1_bias, ema_backbone_layer4_7_conv2_weight, ema_backbone_layer4_7_bn2_weight, ema_backbone_layer4_7_bn2_bias, ema_backbone_layer4_7_conv3_weight, ema_backbone_layer4_7_bn3_weight, ema_backbone_layer4_7_bn3_bias, ema_neck_lateral_convs_0_conv_weight, ema_neck_lateral_convs_0_conv_bias, ema_neck_lateral_convs_1_conv_weight, ema_neck_lateral_convs_1_conv_bias, ema_neck_lateral_convs_2_conv_weight, ema_neck_lateral_convs_2_conv_bias, ema_neck_fpn_convs_0_conv_weight, ema_neck_fpn_convs_0_conv_bias, ema_neck_fpn_convs_1_conv_weight, ema_neck_fpn_convs_1_conv_bias, ema_neck_fpn_convs_2_conv_weight, ema_neck_fpn_convs_2_conv_bias, ema_neck_downsample_convs_0_conv_weight, ema_neck_downsample_convs_0_conv_bias, ema_neck_downsample_convs_1_conv_weight, ema_neck_downsample_convs_1_conv_bias, ema_neck_pafpn_convs_0_conv_weight, ema_neck_pafpn_convs_0_conv_bias, ema_neck_pafpn_convs_1_conv_weight, ema_neck_pafpn_convs_1_conv_bias, ema_bbox_head_cls_stride_convs_0_0_conv_weight, ema_bbox_head_cls_stride_convs_0_0_gn_weight, ema_bbox_head_cls_stride_convs_0_0_gn_bias, ema_bbox_head_cls_stride_convs_0_1_conv_weight, ema_bbox_head_cls_stride_convs_0_1_gn_weight, ema_bbox_head_cls_stride_convs_0_1_gn_bias, ema_bbox_head_stride_cls_0_weight, ema_bbox_head_stride_cls_0_bias, ema_bbox_head_stride_reg_0_weight, ema_bbox_head_stride_reg_0_bias, ema_bbox_head_stride_kps_0_weight, ema_bbox_head_stride_kps_0_bias, ema_bbox_head_scales_0_scale, ema_bbox_head_scales_1_scale, ema_bbox_head_scales_2_scale

2026-10-02 04:03:48,173 - mmdet - INFO - Start running, host: esteban@fluence6, work_dir: /mnt/cachefs/esteban/pii/runs/train/wd_armAV34_fluence
2026-10-02 04:03:48,173 - mmdet - INFO - Hooks will be executed in the following order:
before_run:
(VERY_HIGH   ) StepLrUpdaterHook                  
(49          ) EMAHook                            
(NORMAL      ) CheckpointHook                     
(VERY_LOW    ) TextLoggerHook                     
 -------------------- 
before_train_epoch:
(VERY_HIGH   ) StepLrUpdaterHook                  
(49          ) EMAHook                            
(NORMAL      ) DistSamplerSeedHook                
(LOW         ) IterTimerHook                      
(VERY_LOW    ) TextLoggerHook                     
 -------------------- 
before_train_iter:
(VERY_HIGH   ) StepLrUpdaterHook                  
(LOW         ) IterTimerHook                      
 -------------------- 
after_train_iter:
(ABOVE_NORMAL) GradientCumulativeOptimizerHook    
(49          ) EMAHook                            
(NORMAL      ) CheckpointHook                     
(LOW         ) IterTimerHook                      
(VERY_LOW    ) TextLoggerHook                     
 -------------------- 
after_train_epoch:
(49          ) EMAHook                            
(NORMAL      ) CheckpointHook                     
(VERY_LOW    ) TextLoggerHook                     
 -------------------- 
before_val_epoch:
(NORMAL      ) DistSamplerSeedHook                
(LOW         ) IterTimerHook                      
(VERY_LOW    ) TextLoggerHook                     
 -------------------- 
before_val_iter:
(LOW         ) IterTimerHook                      
 -------------------- 
after_val_iter:
(LOW         ) IterTimerHook                      
 -------------------- 
after_val_epoch:
(VERY_LOW    ) TextLoggerHook                     
 -------------------- 
after_run:
(VERY_LOW    ) TextLoggerHook                     
 -------------------- 
2026-10-02 04:03:48,173 - mmdet - INFO - workflow: [('train', 1)], max: 5 epochs
2026-10-02 04:03:48,186 - mmdet - INFO - Checkpoints will be saved to /mnt/cachefs/esteban/pii/runs/train/wd_armAV34_fluence by HardDiskBackend.
2026-10-02 04:04:07,908 - mmdet - INFO - Epoch [1][50/454]	lr: 2.458e-05, eta: 0:14:35, time: 0.394, data_time: 0.101, memory: 13344, loss_cls: 0.8854, loss_bbox: 0.6011, loss_kps: 0.0000, loss: 1.4865
2026-10-02 04:04:18,373 - mmdet - INFO - Epoch [1][100/454]	lr: 4.955e-05, eta: 0:10:54, time: 0.209, data_time: 0.010, memory: 13344, loss_cls: 0.7150, loss_bbox: 0.6247, loss_kps: 0.0000, loss: 1.3398
2026-10-02 04:04:28,940 - mmdet - INFO - Epoch [1][150/454]	lr: 7.453e-05, eta: 0:09:35, time: 0.211, data_time: 0.011, memory: 13344, loss_cls: 0.6482, loss_bbox: 0.6194, loss_kps: 0.0000, loss: 1.2676
2026-10-02 04:04:39,493 - mmdet - INFO - Epoch [1][200/454]	lr: 9.950e-05, eta: 0:08:50, time: 0.211, data_time: 0.009, memory: 13344, loss_cls: 0.5930, loss_bbox: 0.6079, loss_kps: 0.0000, loss: 1.2009
2026-10-02 04:04:50,141 - mmdet - INFO - Epoch [1][250/454]	lr: 1.000e-04, eta: 0:08:20, time: 0.213, data_time: 0.010, memory: 13344, loss_cls: 0.5511, loss_bbox: 0.5853, loss_kps: 0.0000, loss: 1.1364
2026-10-02 04:05:01,798 - mmdet - INFO - Epoch [1][300/454]	lr: 1.000e-04, eta: 0:08:03, time: 0.233, data_time: 0.010, memory: 13344, loss_cls: 0.5694, loss_bbox: 0.5807, loss_kps: 0.0000, loss: 1.1501
2026-10-02 04:05:12,479 - mmdet - INFO - Epoch [1][350/454]	lr: 1.000e-04, eta: 0:07:42, time: 0.214, data_time: 0.009, memory: 13344, loss_cls: 0.5465, loss_bbox: 0.5949, loss_kps: 0.0000, loss: 1.1414
2026-10-02 04:05:22,854 - mmdet - INFO - Epoch [1][400/454]	lr: 1.000e-04, eta: 0:07:22, time: 0.207, data_time: 0.009, memory: 13344, loss_cls: 0.5638, loss_bbox: 0.5838, loss_kps: 0.0000, loss: 1.1475
2026-10-02 04:05:32,045 - mmdet - INFO - Epoch [1][450/454]	lr: 1.000e-04, eta: 0:06:59, time: 0.184, data_time: 0.008, memory: 13344, loss_cls: 0.5497, loss_bbox: 0.5844, loss_kps: 0.0000, loss: 1.1341
2026-10-02 04:05:33,188 - mmdet - INFO - Saving checkpoint at 1 epochs
2026-10-02 04:05:51,349 - mmdet - INFO - Epoch [2][50/454]	lr: 1.000e-04, eta: 0:07:06, time: 0.357, data_time: 0.132, memory: 13344, loss_cls: 0.5137, loss_bbox: 0.5868, loss_kps: 0.0000, loss: 1.1005
2026-10-02 04:06:02,035 - mmdet - INFO - Epoch [2][100/454]	lr: 1.000e-04, eta: 0:06:50, time: 0.214, data_time: 0.011, memory: 13344, loss_cls: 0.5092, loss_bbox: 0.5751, loss_kps: 0.0000, loss: 1.0843
2026-10-02 04:06:12,686 - mmdet - INFO - Epoch [2][150/454]	lr: 1.000e-04, eta: 0:06:34, time: 0.213, data_time: 0.011, memory: 13344, loss_cls: 0.5243, loss_bbox: 0.5900, loss_kps: 0.0000, loss: 1.1143
2026-10-02 04:06:23,470 - mmdet - INFO - Epoch [2][200/454]	lr: 1.000e-04, eta: 0:06:20, time: 0.216, data_time: 0.011, memory: 13344, loss_cls: 0.5127, loss_bbox: 0.5877, loss_kps: 0.0000, loss: 1.1004
2026-10-02 04:06:34,123 - mmdet - INFO - Epoch [2][250/454]	lr: 1.000e-04, eta: 0:06:05, time: 0.213, data_time: 0.012, memory: 13344, loss_cls: 0.4768, loss_bbox: 0.5718, loss_kps: 0.0000, loss: 1.0486
2026-10-02 04:06:44,830 - mmdet - INFO - Epoch [2][300/454]	lr: 1.000e-04, eta: 0:05:52, time: 0.214, data_time: 0.011, memory: 13344, loss_cls: 0.5132, loss_bbox: 0.5801, loss_kps: 0.0000, loss: 1.0933
2026-10-02 04:06:55,550 - mmdet - INFO - Epoch [2][350/454]	lr: 1.000e-04, eta: 0:05:38, time: 0.214, data_time: 0.011, memory: 13344, loss_cls: 0.5221, loss_bbox: 0.6063, loss_kps: 0.0000, loss: 1.1284
2026-10-02 04:07:06,279 - mmdet - INFO - Epoch [2][400/454]	lr: 1.000e-04, eta: 0:05:26, time: 0.215, data_time: 0.011, memory: 13344, loss_cls: 0.5177, loss_bbox: 0.5784, loss_kps: 0.0000, loss: 1.0961
2026-10-02 04:07:15,613 - mmdet - INFO - Epoch [2][450/454]	lr: 1.000e-04, eta: 0:05:11, time: 0.187, data_time: 0.009, memory: 13344, loss_cls: 0.5264, loss_bbox: 0.5779, loss_kps: 0.0000, loss: 1.1043
2026-10-02 04:07:16,544 - mmdet - INFO - Saving checkpoint at 2 epochs
2026-10-02 04:07:34,898 - mmdet - INFO - Epoch [3][50/454]	lr: 1.000e-04, eta: 0:05:06, time: 0.361, data_time: 0.158, memory: 13344, loss_cls: 0.4985, loss_bbox: 0.5863, loss_kps: 0.0000, loss: 1.0848
2026-10-02 04:07:45,576 - mmdet - INFO - Epoch [3][100/454]	lr: 1.000e-04, eta: 0:04:53, time: 0.214, data_time: 0.012, memory: 13344, loss_cls: 0.5133, loss_bbox: 0.5789, loss_kps: 0.0000, loss: 1.0922
2026-10-02 04:07:56,905 - mmdet - INFO - Epoch [3][150/454]	lr: 1.000e-04, eta: 0:04:41, time: 0.227, data_time: 0.010, memory: 13344, loss_cls: 0.4918, loss_bbox: 0.5848, loss_kps: 0.0000, loss: 1.0766
2026-10-02 04:08:07,703 - mmdet - INFO - Epoch [3][200/454]	lr: 1.000e-04, eta: 0:04:29, time: 0.216, data_time: 0.012, memory: 13344, loss_cls: 0.4880, loss_bbox: 0.5649, loss_kps: 0.0000, loss: 1.0529
2026-10-02 04:08:18,616 - mmdet - INFO - Epoch [3][250/454]	lr: 1.000e-04, eta: 0:04:17, time: 0.218, data_time: 0.010, memory: 13344, loss_cls: 0.4971, loss_bbox: 0.5704, loss_kps: 0.0000, loss: 1.0674
2026-10-02 04:08:29,678 - mmdet - INFO - Epoch [3][300/454]	lr: 1.000e-04, eta: 0:04:05, time: 0.221, data_time: 0.012, memory: 13344, loss_cls: 0.5060, loss_bbox: 0.5828, loss_kps: 0.0000, loss: 1.0888
2026-10-02 04:08:40,525 - mmdet - INFO - Epoch [3][350/454]	lr: 1.000e-04, eta: 0:03:53, time: 0.217, data_time: 0.012, memory: 13344, loss_cls: 0.4656, loss_bbox: 0.5568, loss_kps: 0.0000, loss: 1.0224
2026-10-02 04:08:51,251 - mmdet - INFO - Epoch [3][400/454]	lr: 1.000e-04, eta: 0:03:40, time: 0.215, data_time: 0.011, memory: 13344, loss_cls: 0.5244, loss_bbox: 0.5864, loss_kps: 0.0000, loss: 1.1108
2026-10-02 04:09:00,522 - mmdet - INFO - Epoch [3][450/454]	lr: 1.000e-04, eta: 0:03:27, time: 0.185, data_time: 0.010, memory: 13344, loss_cls: 0.4734, loss_bbox: 0.5601, loss_kps: 0.0000, loss: 1.0336
2026-10-02 04:09:01,483 - mmdet - INFO - Saving checkpoint at 3 epochs
2026-10-02 04:09:19,842 - mmdet - INFO - Epoch [4][50/454]	lr: 1.000e-04, eta: 0:03:19, time: 0.361, data_time: 0.146, memory: 13344, loss_cls: 0.4867, loss_bbox: 0.5678, loss_kps: 0.0000, loss: 1.0545
2026-10-02 04:09:30,486 - mmdet - INFO - Epoch [4][100/454]	lr: 1.000e-04, eta: 0:03:06, time: 0.213, data_time: 0.011, memory: 13344, loss_cls: 0.4811, loss_bbox: 0.5740, loss_kps: 0.0000, loss: 1.0550
2026-10-02 04:09:41,208 - mmdet - INFO - Epoch [4][150/454]	lr: 1.000e-04, eta: 0:02:54, time: 0.214, data_time: 0.011, memory: 13344, loss_cls: 0.4690, loss_bbox: 0.5609, loss_kps: 0.0000, loss: 1.0299
2026-10-02 04:09:51,977 - mmdet - INFO - Epoch [4][200/454]	lr: 1.000e-04, eta: 0:02:43, time: 0.215, data_time: 0.011, memory: 13344, loss_cls: 0.4845, loss_bbox: 0.5762, loss_kps: 0.0000, loss: 1.0607
2026-10-02 04:10:02,671 - mmdet - INFO - Epoch [4][250/454]	lr: 1.000e-04, eta: 0:02:31, time: 0.214, data_time: 0.011, memory: 13344, loss_cls: 0.4593, loss_bbox: 0.5717, loss_kps: 0.0000, loss: 1.0310
2026-10-02 04:10:13,485 - mmdet - INFO - Epoch [4][300/454]	lr: 1.000e-04, eta: 0:02:19, time: 0.216, data_time: 0.012, memory: 13344, loss_cls: 0.4885, loss_bbox: 0.5789, loss_kps: 0.0000, loss: 1.0673
2026-10-02 04:10:24,076 - mmdet - INFO - Epoch [4][350/454]	lr: 1.000e-04, eta: 0:02:07, time: 0.212, data_time: 0.011, memory: 13344, loss_cls: 0.4568, loss_bbox: 0.5754, loss_kps: 0.0000, loss: 1.0321
2026-10-02 04:10:34,749 - mmdet - INFO - Epoch [4][400/454]	lr: 1.000e-04, eta: 0:01:56, time: 0.213, data_time: 0.011, memory: 13344, loss_cls: 0.4923, loss_bbox: 0.5779, loss_kps: 0.0000, loss: 1.0702
2026-10-02 04:10:44,028 - mmdet - INFO - Epoch [4][450/454]	lr: 1.000e-04, eta: 0:01:44, time: 0.186, data_time: 0.009, memory: 13344, loss_cls: 0.4853, loss_bbox: 0.5534, loss_kps: 0.0000, loss: 1.0386
2026-10-02 04:10:44,941 - mmdet - INFO - Saving checkpoint at 4 epochs
2026-10-02 04:11:03,380 - mmdet - INFO - Epoch [5][50/454]	lr: 1.000e-05, eta: 0:01:33, time: 0.363, data_time: 0.158, memory: 13344, loss_cls: 0.4699, loss_bbox: 0.5633, loss_kps: 0.0000, loss: 1.0332
2026-10-02 04:11:14,246 - mmdet - INFO - Epoch [5][100/454]	lr: 1.000e-05, eta: 0:01:21, time: 0.217, data_time: 0.011, memory: 13344, loss_cls: 0.4701, loss_bbox: 0.5605, loss_kps: 0.0000, loss: 1.0306
2026-10-02 04:11:24,966 - mmdet - INFO - Epoch [5][150/454]	lr: 1.000e-05, eta: 0:01:09, time: 0.214, data_time: 0.012, memory: 13344, loss_cls: 0.4509, loss_bbox: 0.5543, loss_kps: 0.0000, loss: 1.0052
2026-10-02 04:11:36,083 - mmdet - INFO - Epoch [5][200/454]	lr: 1.000e-05, eta: 0:00:58, time: 0.222, data_time: 0.012, memory: 13344, loss_cls: 0.4638, loss_bbox: 0.5722, loss_kps: 0.0000, loss: 1.0360
2026-10-02 04:11:47,096 - mmdet - INFO - Epoch [5][250/454]	lr: 1.000e-05, eta: 0:00:46, time: 0.220, data_time: 0.012, memory: 13344, loss_cls: 0.4675, loss_bbox: 0.5750, loss_kps: 0.0000, loss: 1.0425
2026-10-02 04:11:57,854 - mmdet - INFO - Epoch [5][300/454]	lr: 1.000e-05, eta: 0:00:35, time: 0.215, data_time: 0.012, memory: 13344, loss_cls: 0.4784, loss_bbox: 0.5728, loss_kps: 0.0000, loss: 1.0513
2026-10-02 04:12:08,743 - mmdet - INFO - Epoch [5][350/454]	lr: 1.000e-05, eta: 0:00:23, time: 0.218, data_time: 0.011, memory: 13344, loss_cls: 0.4782, loss_bbox: 0.5887, loss_kps: 0.0000, loss: 1.0669
2026-10-02 04:12:19,526 - mmdet - INFO - Epoch [5][400/454]	lr: 1.000e-05, eta: 0:00:12, time: 0.216, data_time: 0.012, memory: 13344, loss_cls: 0.4842, loss_bbox: 0.5662, loss_kps: 0.0000, loss: 1.0504
2026-10-02 04:12:28,825 - mmdet - INFO - Epoch [5][450/454]	lr: 1.000e-05, eta: 0:00:00, time: 0.186, data_time: 0.010, memory: 13344, loss_cls: 0.4591, loss_bbox: 0.5556, loss_kps: 0.0000, loss: 1.0147
2026-10-02 04:12:29,779 - mmdet - INFO - Saving checkpoint at 5 epochs
